<?xml version="1.0" encoding="UTF-8"?>
<testsuites>
  <testsuite name="/projects/challenge/tests" tests="18" assertions="13" errors="7" warnings="0" failures="9" skipped="0" time="0.672055">
    <testsuite name="Tests\Feature\ArticleTest" file="/projects/challenge/tests/Feature/ArticleTest.php" tests="5" assertions="3" errors="3" warnings="0" failures="1" skipped="0" time="0.290455">
      <testcase name="test_article_post" class="Tests\Feature\ArticleTest" classname="Tests.Feature.ArticleTest" file="/projects/challenge/tests/Feature/ArticleTest.php" line="16" assertions="1" time="0.177102">
        <failure type="PHPUnit\Framework\ExpectationFailedException">Tests\Feature\ArticleTest::test_article_post
Expected response status code [201] but received 500.

The following exception occurred during the request:

PDOException: SQLSTATE[23000]: Integrity constraint violation: 19 NOT NULL constraint failed: article.published_at in /projects/challenge/vendor/laravel/framework/src/Illuminate/Database/Connection.php:501
Stack trace:
#0 /projects/challenge/vendor/laravel/framework/src/Illuminate/Database/Connection.php(501): PDOStatement-&gt;execute()
#1 /projects/challenge/vendor/laravel/framework/src/Illuminate/Database/Connection.php(705): Illuminate\Database\Connection-&gt;Illuminate\Database\{closure}()
#2 /projects/challenge/vendor/laravel/framework/src/Illuminate/Database/Connection.php(672): Illuminate\Database\Connection-&gt;runQueryCallback()
#3 /projects/challenge/vendor/laravel/framework/src/Illuminate/Database/Connection.php(502): Illuminate\Database\Connection-&gt;run()
#4 /projects/challenge/vendor/laravel/framework/src/Illuminate/Database/Connection.php(454): Illuminate\Database\Connection-&gt;statement()
#5 /projects/challenge/vendor/laravel/framework/src/Illuminate/Database/Query/Processors/Processor.php(32): Illuminate\Database\Connection-&gt;insert()
#6 /projects/challenge/vendor/laravel/framework/src/Illuminate/Database/Query/Builder.php(2999): Illuminate\Database\Query\Processors\Processor-&gt;processInsertGetId()
#7 /projects/challenge/vendor/laravel/framework/src/Illuminate/Database/Eloquent/Builder.php(1655): Illuminate\Database\Query\Builder-&gt;insertGetId()
#8 /projects/challenge/vendor/laravel/framework/src/Illuminate/Database/Eloquent/Model.php(1188): Illuminate\Database\Eloquent\Builder-&gt;__call()
#9 /projects/challenge/vendor/laravel/framework/src/Illuminate/Database/Eloquent/Model.php(1153): Illuminate\Database\Eloquent\Model-&gt;insertAndSetId()
#10 /projects/challenge/vendor/laravel/framework/src/Illuminate/Database/Eloquent/Model.php(994): Illuminate\Database\Eloquent\Model-&gt;performInsert()
#11 /projects/challenge/vendor/laravel/framework/src/Illuminate/Database/Eloquent/Builder.php(894): Illuminate\Database\Eloquent\Model-&gt;save()
#12 /projects/challenge/vendor/laravel/framework/src/Illuminate/Support/helpers.php(263): Illuminate\Database\Eloquent\Builder-&gt;Illuminate\Database\Eloquent\{closure}()
#13 /projects/challenge/vendor/laravel/framework/src/Illuminate/Database/Eloquent/Builder.php(895): tap()
#14 /projects/challenge/vendor/laravel/framework/src/Illuminate/Support/Traits/ForwardsCalls.php(23): Illuminate\Database\Eloquent\Builder-&gt;create()
#15 /projects/challenge/vendor/laravel/framework/src/Illuminate/Database/Eloquent/Model.php(2132): Illuminate\Database\Eloquent\Model-&gt;forwardCallTo()
#16 /projects/challenge/vendor/laravel/framework/src/Illuminate/Database/Eloquent/Model.php(2144): Illuminate\Database\Eloquent\Model-&gt;__call()
#17 /projects/challenge/app/Http/Controllers/Api/ArticleController.php(21): Illuminate\Database\Eloquent\Model::__callStatic()
#18 /projects/challenge/vendor/laravel/framework/src/Illuminate/Routing/Controller.php(54): App\Http\Controllers\Api\ArticleController-&gt;create()
#19 /projects/challenge/vendor/laravel/framework/src/Illuminate/Routing/ControllerDispatcher.php(45): Illuminate\Routing\Controller-&gt;callAction()
#20 /projects/challenge/vendor/laravel/framework/src/Illuminate/Routing/Route.php(262): Illuminate\Routing\ControllerDispatcher-&gt;dispatch()
#21 /projects/challenge/vendor/laravel/framework/src/Illuminate/Routing/Route.php(205): Illuminate\Routing\Route-&gt;runController()
#22 /projects/challenge/vendor/laravel/framework/src/Illuminate/Routing/Router.php(695): Illuminate\Routing\Route-&gt;run()
#23 /projects/challenge/vendor/laravel/framework/src/Illuminate/Pipeline/Pipeline.php(128): Illuminate\Routing\Router-&gt;Illuminate\Routing\{closure}()
#24 /projects/challenge/vendor/laravel/framework/src/Illuminate/Routing/Middleware/SubstituteBindings.php(50): Illuminate\Pipeline\Pipeline-&gt;Illuminate\Pipeline\{closure}()
#25 /projects/challenge/vendor/laravel/framework/src/Illuminate/Pipeline/Pipeline.php(167): Illuminate\Routing\Middleware\SubstituteBindings-&gt;handle()
#26 /projects/challenge/vendor/laravel/framework/src/Illuminate/Routing/Middleware/ThrottleRequests.php(127): Illuminate\Pipeline\Pipeline-&gt;Illuminate\Pipeline\{closure}()
#27 /projects/challenge/vendor/laravel/framework/src/Illuminate/Routing/Middleware/ThrottleRequests.php(103): Illuminate\Routing\Middleware\ThrottleRequests-&gt;handleRequest()
#28 /projects/challenge/vendor/laravel/framework/src/Illuminate/Routing/Middleware/ThrottleRequests.php(55): Illuminate\Routing\Middleware\ThrottleRequests-&gt;handleRequestUsingNamedLimiter()
#29 /projects/challenge/vendor/laravel/framework/src/Illuminate/Pipeline/Pipeline.php(167): Illuminate\Routing\Middleware\ThrottleRequests-&gt;handle()
#30 /projects/challenge/vendor/laravel/framework/src/Illuminate/Pipeline/Pipeline.php(103): Illuminate\Pipeline\Pipeline-&gt;Illuminate\Pipeline\{closure}()
#31 /projects/challenge/vendor/laravel/framework/src/Illuminate/Routing/Router.php(697): Illuminate\Pipeline\Pipeline-&gt;then()
#32 /projects/challenge/vendor/laravel/framework/src/Illuminate/Routing/Router.php(672): Illuminate\Routing\Router-&gt;runRouteWithinStack()
#33 /projects/challenge/vendor/laravel/framework/src/Illuminate/Routing/Router.php(636): Illuminate\Routing\Router-&gt;runRoute()
#34 /projects/challenge/vendor/laravel/framework/src/Illuminate/Routing/Router.php(625): Illuminate\Routing\Router-&gt;dispatchToRoute()
#35 /projects/challenge/vendor/laravel/framework/src/Illuminate/Foundation/Http/Kernel.php(167): Illuminate\Routing\Router-&gt;dispatch()
#36 /projects/challenge/vendor/laravel/framework/src/Illuminate/Pipeline/Pipeline.php(128): Illuminate\Foundation\Http\Kernel-&gt;Illuminate\Foundation\Http\{closure}()
#37 /projects/challenge/vendor/laravel/framework/src/Illuminate/Foundation/Http/Middleware/TransformsRequest.php(21): Illuminate\Pipeline\Pipeline-&gt;Illuminate\Pipeline\{closure}()
#38 /projects/challenge/vendor/laravel/framework/src/Illuminate/Foundation/Http/Middleware/ConvertEmptyStringsToNull.php(31): Illuminate\Foundation\Http\Middleware\TransformsRequest-&gt;handle()
#39 /projects/challenge/vendor/laravel/framework/src/Illuminate/Pipeline/Pipeline.php(167): Illuminate\Foundation\Http\Middleware\ConvertEmptyStringsToNull-&gt;handle()
#40 /projects/challenge/vendor/laravel/framework/src/Illuminate/Foundation/Http/Middleware/TransformsRequest.php(21): Illuminate\Pipeline\Pipeline-&gt;Illuminate\Pipeline\{closure}()
#41 /projects/challenge/vendor/laravel/framework/src/Illuminate/Foundation/Http/Middleware/TrimStrings.php(40): Illuminate\Foundation\Http\Middleware\TransformsRequest-&gt;handle()
#42 /projects/challenge/vendor/laravel/framework/src/Illuminate/Pipeline/Pipeline.php(167): Illuminate\Foundation\Http\Middleware\TrimStrings-&gt;handle()
#43 /projects/challenge/vendor/laravel/framework/src/Illuminate/Foundation/Http/Middleware/ValidatePostSize.php(27): Illuminate\Pipeline\Pipeline-&gt;Illuminate\Pipeline\{closure}()
#44 /projects/challenge/vendor/laravel/framework/src/Illuminate/Pipeline/Pipeline.php(167): Illuminate\Foundation\Http\Middleware\ValidatePostSize-&gt;handle()
#45 /projects/challenge/vendor/laravel/framework/src/Illuminate/Foundation/Http/Middleware/PreventRequestsDuringMaintenance.php(86): Illuminate\Pipeline\Pipeline-&gt;Illuminate\Pipeline\{closure}()
#46 /projects/challenge/vendor/laravel/framework/src/Illuminate/Pipeline/Pipeline.php(167): Illuminate\Foundation\Http\Middleware\PreventRequestsDuringMaintenance-&gt;handle()
#47 /projects/challenge/vendor/fruitcake/laravel-cors/src/HandleCors.php(52): Illuminate\Pipeline\Pipeline-&gt;Illuminate\Pipeline\{closure}()
#48 /projects/challenge/vendor/laravel/framework/src/Illuminate/Pipeline/Pipeline.php(167): Fruitcake\Cors\HandleCors-&gt;handle()
#49 /projects/challenge/vendor/laravel/framework/src/Illuminate/Http/Middleware/TrustProxies.php(39): Illuminate\Pipeline\Pipeline-&gt;Illuminate\Pipeline\{closure}()
#50 /projects/challenge/vendor/laravel/framework/src/Illuminate/Pipeline/Pipeline.php(167): Illuminate\Http\Middleware\TrustProxies-&gt;handle()
#51 /projects/challenge/vendor/laravel/framework/src/Illuminate/Pipeline/Pipeline.php(103): Illuminate\Pipeline\Pipeline-&gt;Illuminate\Pipeline\{closure}()
#52 /projects/challenge/vendor/laravel/framework/src/Illuminate/Foundation/Http/Kernel.php(142): Illuminate\Pipeline\Pipeline-&gt;then()
#53 /projects/challenge/vendor/laravel/framework/src/Illuminate/Foundation/Http/Kernel.php(111): Illuminate\Foundation\Http\Kernel-&gt;sendRequestThroughRouter()
#54 /projects/challenge/vendor/laravel/framework/src/Illuminate/Foundation/Testing/Concerns/MakesHttpRequests.php(510): Illuminate\Foundation\Http\Kernel-&gt;handle()
#55 /projects/challenge/vendor/laravel/framework/src/Illuminate/Foundation/Testing/Concerns/MakesHttpRequests.php(322): Illuminate\Foundation\Testing\TestCase-&gt;call()
#56 /projects/challenge/tests/Feature/ArticleTest.php(19): Illuminate\Foundation\Testing\TestCase-&gt;post()
#57 /projects/challenge/vendor/phpunit/phpunit/src/Framework/TestCase.php(1545): Tests\Feature\ArticleTest-&gt;test_article_post()
#58 /projects/challenge/vendor/phpunit/phpunit/src/Framework/TestCase.php(1151): PHPUnit\Framework\TestCase-&gt;runTest()
#59 /projects/challenge/vendor/phpunit/phpunit/src/Framework/TestResult.php(726): PHPUnit\Framework\TestCase-&gt;runBare()
#60 /projects/challenge/vendor/phpunit/phpunit/src/Framework/TestCase.php(903): PHPUnit\Framework\TestResult-&gt;run()
#61 /projects/challenge/vendor/phpunit/phpunit/src/Framework/TestSuite.php(678): PHPUnit\Framework\TestCase-&gt;run()
#62 /projects/challenge/vendor/phpunit/phpunit/src/Framework/TestSuite.php(678): PHPUnit\Framework\TestSuite-&gt;run()
#63 /projects/challenge/vendor/phpunit/phpunit/src/TextUI/TestRunner.php(670): PHPUnit\Framework\TestSuite-&gt;run()
#64 /projects/challenge/vendor/phpunit/phpunit/src/TextUI/Command.php(143): PHPUnit\TextUI\TestRunner-&gt;run()
#65 /projects/challenge/vendor/phpunit/phpunit/src/TextUI/Command.php(96): PHPUnit\TextUI\Command-&gt;run()
#66 /projects/challenge/vendor/phpunit/phpunit/phpunit(98): PHPUnit\TextUI\Command::main()
#67 {main}

Next Illuminate\Database\QueryException: SQLSTATE[23000]: Integrity constraint violation: 19 NOT NULL constraint failed: article.published_at (SQL: insert into "article" ("title", "content", "author", "category", "updated_at", "created_at") values (New photography exhibition, In a new exhibition at the Royal Botanic Garden Edinburgh, famous photographer explores the astonishing diversity of nature., Oscar Davies, Nature, 2022-04-14 09:15:37, 2022-04-14 09:15:37)) in /projects/challenge/vendor/laravel/framework/src/Illuminate/Database/Connection.php:712
Stack trace:
#0 /projects/challenge/vendor/laravel/framework/src/Illuminate/Database/Connection.php(672): Illuminate\Database\Connection-&gt;runQueryCallback()
#1 /projects/challenge/vendor/laravel/framework/src/Illuminate/Database/Connection.php(502): Illuminate\Database\Connection-&gt;run()
#2 /projects/challenge/vendor/laravel/framework/src/Illuminate/Database/Connection.php(454): Illuminate\Database\Connection-&gt;statement()
#3 /projects/challenge/vendor/laravel/framework/src/Illuminate/Database/Query/Processors/Processor.php(32): Illuminate\Database\Connection-&gt;insert()
#4 /projects/challenge/vendor/laravel/framework/src/Illuminate/Database/Query/Builder.php(2999): Illuminate\Database\Query\Processors\Processor-&gt;processInsertGetId()
#5 /projects/challenge/vendor/laravel/framework/src/Illuminate/Database/Eloquent/Builder.php(1655): Illuminate\Database\Query\Builder-&gt;insertGetId()
#6 /projects/challenge/vendor/laravel/framework/src/Illuminate/Database/Eloquent/Model.php(1188): Illuminate\Database\Eloquent\Builder-&gt;__call()
#7 /projects/challenge/vendor/laravel/framework/src/Illuminate/Database/Eloquent/Model.php(1153): Illuminate\Database\Eloquent\Model-&gt;insertAndSetId()
#8 /projects/challenge/vendor/laravel/framework/src/Illuminate/Database/Eloquent/Model.php(994): Illuminate\Database\Eloquent\Model-&gt;performInsert()
#9 /projects/challenge/vendor/laravel/framework/src/Illuminate/Database/Eloquent/Builder.php(894): Illuminate\Database\Eloquent\Model-&gt;save()
#10 /projects/challenge/vendor/laravel/framework/src/Illuminate/Support/helpers.php(263): Illuminate\Database\Eloquent\Builder-&gt;Illuminate\Database\Eloquent\{closure}()
#11 /projects/challenge/vendor/laravel/framework/src/Illuminate/Database/Eloquent/Builder.php(895): tap()
#12 /projects/challenge/vendor/laravel/framework/src/Illuminate/Support/Traits/ForwardsCalls.php(23): Illuminate\Database\Eloquent\Builder-&gt;create()
#13 /projects/challenge/vendor/laravel/framework/src/Illuminate/Database/Eloquent/Model.php(2132): Illuminate\Database\Eloquent\Model-&gt;forwardCallTo()
#14 /projects/challenge/vendor/laravel/framework/src/Illuminate/Database/Eloquent/Model.php(2144): Illuminate\Database\Eloquent\Model-&gt;__call()
#15 /projects/challenge/app/Http/Controllers/Api/ArticleController.php(21): Illuminate\Database\Eloquent\Model::__callStatic()
#16 /projects/challenge/vendor/laravel/framework/src/Illuminate/Routing/Controller.php(54): App\Http\Controllers\Api\ArticleController-&gt;create()
#17 /projects/challenge/vendor/laravel/framework/src/Illuminate/Routing/ControllerDispatcher.php(45): Illuminate\Routing\Controller-&gt;callAction()
#18 /projects/challenge/vendor/laravel/framework/src/Illuminate/Routing/Route.php(262): Illuminate\Routing\ControllerDispatcher-&gt;dispatch()
#19 /projects/challenge/vendor/laravel/framework/src/Illuminate/Routing/Route.php(205): Illuminate\Routing\Route-&gt;runController()
#20 /projects/challenge/vendor/laravel/framework/src/Illuminate/Routing/Router.php(695): Illuminate\Routing\Route-&gt;run()
#21 /projects/challenge/vendor/laravel/framework/src/Illuminate/Pipeline/Pipeline.php(128): Illuminate\Routing\Router-&gt;Illuminate\Routing\{closure}()
#22 /projects/challenge/vendor/laravel/framework/src/Illuminate/Routing/Middleware/SubstituteBindings.php(50): Illuminate\Pipeline\Pipeline-&gt;Illuminate\Pipeline\{closure}()
#23 /projects/challenge/vendor/laravel/framework/src/Illuminate/Pipeline/Pipeline.php(167): Illuminate\Routing\Middleware\SubstituteBindings-&gt;handle()
#24 /projects/challenge/vendor/laravel/framework/src/Illuminate/Routing/Middleware/ThrottleRequests.php(127): Illuminate\Pipeline\Pipeline-&gt;Illuminate\Pipeline\{closure}()
#25 /projects/challenge/vendor/laravel/framework/src/Illuminate/Routing/Middleware/ThrottleRequests.php(103): Illuminate\Routing\Middleware\ThrottleRequests-&gt;handleRequest()
#26 /projects/challenge/vendor/laravel/framework/src/Illuminate/Routing/Middleware/ThrottleRequests.php(55): Illuminate\Routing\Middleware\ThrottleRequests-&gt;handleRequestUsingNamedLimiter()
#27 /projects/challenge/vendor/laravel/framework/src/Illuminate/Pipeline/Pipeline.php(167): Illuminate\Routing\Middleware\ThrottleRequests-&gt;handle()
#28 /projects/challenge/vendor/laravel/framework/src/Illuminate/Pipeline/Pipeline.php(103): Illuminate\Pipeline\Pipeline-&gt;Illuminate\Pipeline\{closure}()
#29 /projects/challenge/vendor/laravel/framework/src/Illuminate/Routing/Router.php(697): Illuminate\Pipeline\Pipeline-&gt;then()
#30 /projects/challenge/vendor/laravel/framework/src/Illuminate/Routing/Router.php(672): Illuminate\Routing\Router-&gt;runRouteWithinStack()
#31 /projects/challenge/vendor/laravel/framework/src/Illuminate/Routing/Router.php(636): Illuminate\Routing\Router-&gt;runRoute()
#32 /projects/challenge/vendor/laravel/framework/src/Illuminate/Routing/Router.php(625): Illuminate\Routing\Router-&gt;dispatchToRoute()
#33 /projects/challenge/vendor/laravel/framework/src/Illuminate/Foundation/Http/Kernel.php(167): Illuminate\Routing\Router-&gt;dispatch()
#34 /projects/challenge/vendor/laravel/framework/src/Illuminate/Pipeline/Pipeline.php(128): Illuminate\Foundation\Http\Kernel-&gt;Illuminate\Foundation\Http\{closure}()
#35 /projects/challenge/vendor/laravel/framework/src/Illuminate/Foundation/Http/Middleware/TransformsRequest.php(21): Illuminate\Pipeline\Pipeline-&gt;Illuminate\Pipeline\{closure}()
#36 /projects/challenge/vendor/laravel/framework/src/Illuminate/Foundation/Http/Middleware/ConvertEmptyStringsToNull.php(31): Illuminate\Foundation\Http\Middleware\TransformsRequest-&gt;handle()
#37 /projects/challenge/vendor/laravel/framework/src/Illuminate/Pipeline/Pipeline.php(167): Illuminate\Foundation\Http\Middleware\ConvertEmptyStringsToNull-&gt;handle()
#38 /projects/challenge/vendor/laravel/framework/src/Illuminate/Foundation/Http/Middleware/TransformsRequest.php(21): Illuminate\Pipeline\Pipeline-&gt;Illuminate\Pipeline\{closure}()
#39 /projects/challenge/vendor/laravel/framework/src/Illuminate/Foundation/Http/Middleware/TrimStrings.php(40): Illuminate\Foundation\Http\Middleware\TransformsRequest-&gt;handle()
#40 /projects/challenge/vendor/laravel/framework/src/Illuminate/Pipeline/Pipeline.php(167): Illuminate\Foundation\Http\Middleware\TrimStrings-&gt;handle()
#41 /projects/challenge/vendor/laravel/framework/src/Illuminate/Foundation/Http/Middleware/ValidatePostSize.php(27): Illuminate\Pipeline\Pipeline-&gt;Illuminate\Pipeline\{closure}()
#42 /projects/challenge/vendor/laravel/framework/src/Illuminate/Pipeline/Pipeline.php(167): Illuminate\Foundation\Http\Middleware\ValidatePostSize-&gt;handle()
#43 /projects/challenge/vendor/laravel/framework/src/Illuminate/Foundation/Http/Middleware/PreventRequestsDuringMaintenance.php(86): Illuminate\Pipeline\Pipeline-&gt;Illuminate\Pipeline\{closure}()
#44 /projects/challenge/vendor/laravel/framework/src/Illuminate/Pipeline/Pipeline.php(167): Illuminate\Foundation\Http\Middleware\PreventRequestsDuringMaintenance-&gt;handle()
#45 /projects/challenge/vendor/fruitcake/laravel-cors/src/HandleCors.php(52): Illuminate\Pipeline\Pipeline-&gt;Illuminate\Pipeline\{closure}()
#46 /projects/challenge/vendor/laravel/framework/src/Illuminate/Pipeline/Pipeline.php(167): Fruitcake\Cors\HandleCors-&gt;handle()
#47 /projects/challenge/vendor/laravel/framework/src/Illuminate/Http/Middleware/TrustProxies.php(39): Illuminate\Pipeline\Pipeline-&gt;Illuminate\Pipeline\{closure}()
#48 /projects/challenge/vendor/laravel/framework/src/Illuminate/Pipeline/Pipeline.php(167): Illuminate\Http\Middleware\TrustProxies-&gt;handle()
#49 /projects/challenge/vendor/laravel/framework/src/Illuminate/Pipeline/Pipeline.php(103): Illuminate\Pipeline\Pipeline-&gt;Illuminate\Pipeline\{closure}()
#50 /projects/challenge/vendor/laravel/framework/src/Illuminate/Foundation/Http/Kernel.php(142): Illuminate\Pipeline\Pipeline-&gt;then()
#51 /projects/challenge/vendor/laravel/framework/src/Illuminate/Foundation/Http/Kernel.php(111): Illuminate\Foundation\Http\Kernel-&gt;sendRequestThroughRouter()
#52 /projects/challenge/vendor/laravel/framework/src/Illuminate/Foundation/Testing/Concerns/MakesHttpRequests.php(510): Illuminate\Foundation\Http\Kernel-&gt;handle()
#53 /projects/challenge/vendor/laravel/framework/src/Illuminate/Foundation/Testing/Concerns/MakesHttpRequests.php(322): Illuminate\Foundation\Testing\TestCase-&gt;call()
#54 /projects/challenge/tests/Feature/ArticleTest.php(19): Illuminate\Foundation\Testing\TestCase-&gt;post()
#55 /projects/challenge/vendor/phpunit/phpunit/src/Framework/TestCase.php(1545): Tests\Feature\ArticleTest-&gt;test_article_post()
#56 /projects/challenge/vendor/phpunit/phpunit/src/Framework/TestCase.php(1151): PHPUnit\Framework\TestCase-&gt;runTest()
#57 /projects/challenge/vendor/phpunit/phpunit/src/Framework/TestResult.php(726): PHPUnit\Framework\TestCase-&gt;runBare()
#58 /projects/challenge/vendor/phpunit/phpunit/src/Framework/TestCase.php(903): PHPUnit\Framework\TestResult-&gt;run()
#59 /projects/challenge/vendor/phpunit/phpunit/src/Framework/TestSuite.php(678): PHPUnit\Framework\TestCase-&gt;run()
#60 /projects/challenge/vendor/phpunit/phpunit/src/Framework/TestSuite.php(678): PHPUnit\Framework\TestSuite-&gt;run()
#61 /projects/challenge/vendor/phpunit/phpunit/src/TextUI/TestRunner.php(670): PHPUnit\Framework\TestSuite-&gt;run()
#62 /projects/challenge/vendor/phpunit/phpunit/src/TextUI/Command.php(143): PHPUnit\TextUI\TestRunner-&gt;run()
#63 /projects/challenge/vendor/phpunit/phpunit/src/TextUI/Command.php(96): PHPUnit\TextUI\Command-&gt;run()
#64 /projects/challenge/vendor/phpunit/phpunit/phpunit(98): PHPUnit\TextUI\Command::main()
#65 {main}
Failed asserting that 201 is identical to 500.

/projects/challenge/vendor/laravel/framework/src/Illuminate/Testing/TestResponse.php:177
/projects/challenge/tests/Feature/ArticleTest.php:24</failure>
      </testcase>
      <testcase name="test_articles_get" class="Tests\Feature\ArticleTest" classname="Tests.Feature.ArticleTest" file="/projects/challenge/tests/Feature/ArticleTest.php" line="53" assertions="2" time="0.033551"/>
      <testcase name="test_by_id_get" class="Tests\Feature\ArticleTest" classname="Tests.Feature.ArticleTest" file="/projects/challenge/tests/Feature/ArticleTest.php" line="61" assertions="0" time="0.024314">
        <error type="ErrorException">Tests\Feature\ArticleTest::test_by_id_get
ErrorException: Trying to get property 'id' of non-object

/projects/challenge/tests/Feature/ArticleTest.php:65</error>
      </testcase>
      <testcase name="test_by_id_update" class="Tests\Feature\ArticleTest" classname="Tests.Feature.ArticleTest" file="/projects/challenge/tests/Feature/ArticleTest.php" line="72" assertions="0" time="0.023646">
        <error type="ErrorException">Tests\Feature\ArticleTest::test_by_id_update
ErrorException: Trying to get property 'id' of non-object

/projects/challenge/tests/Feature/ArticleTest.php:76</error>
      </testcase>
      <testcase name="test_by_id_delete" class="Tests\Feature\ArticleTest" classname="Tests.Feature.ArticleTest" file="/projects/challenge/tests/Feature/ArticleTest.php" line="85" assertions="0" time="0.031843">
        <error type="ErrorException">Tests\Feature\ArticleTest::test_by_id_delete
ErrorException: Trying to get property 'id' of non-object

/projects/challenge/tests/Feature/ArticleTest.php:89</error>
      </testcase>
    </testsuite>
    <testsuite name="Tests\Unit\ArticleTest" file="/projects/challenge/tests/Unit/ArticleTest.php" tests="13" assertions="10" errors="4" warnings="0" failures="8" skipped="0" time="0.381600">
      <testcase name="test_article_post" class="Tests\Unit\ArticleTest" classname="Tests.Unit.ArticleTest" file="/projects/challenge/tests/Unit/ArticleTest.php" line="21" assertions="1" time="0.032750">
        <failure type="PHPUnit\Framework\ExpectationFailedException">Tests\Unit\ArticleTest::test_article_post
Expected response status code [201] but received 500.

The following exception occurred during the request:

PDOException: SQLSTATE[23000]: Integrity constraint violation: 19 NOT NULL constraint failed: article.published_at in /projects/challenge/vendor/laravel/framework/src/Illuminate/Database/Connection.php:501
Stack trace:
#0 /projects/challenge/vendor/laravel/framework/src/Illuminate/Database/Connection.php(501): PDOStatement-&gt;execute()
#1 /projects/challenge/vendor/laravel/framework/src/Illuminate/Database/Connection.php(705): Illuminate\Database\Connection-&gt;Illuminate\Database\{closure}()
#2 /projects/challenge/vendor/laravel/framework/src/Illuminate/Database/Connection.php(672): Illuminate\Database\Connection-&gt;runQueryCallback()
#3 /projects/challenge/vendor/laravel/framework/src/Illuminate/Database/Connection.php(502): Illuminate\Database\Connection-&gt;run()
#4 /projects/challenge/vendor/laravel/framework/src/Illuminate/Database/Connection.php(454): Illuminate\Database\Connection-&gt;statement()
#5 /projects/challenge/vendor/laravel/framework/src/Illuminate/Database/Query/Processors/Processor.php(32): Illuminate\Database\Connection-&gt;insert()
#6 /projects/challenge/vendor/laravel/framework/src/Illuminate/Database/Query/Builder.php(2999): Illuminate\Database\Query\Processors\Processor-&gt;processInsertGetId()
#7 /projects/challenge/vendor/laravel/framework/src/Illuminate/Database/Eloquent/Builder.php(1655): Illuminate\Database\Query\Builder-&gt;insertGetId()
#8 /projects/challenge/vendor/laravel/framework/src/Illuminate/Database/Eloquent/Model.php(1188): Illuminate\Database\Eloquent\Builder-&gt;__call()
#9 /projects/challenge/vendor/laravel/framework/src/Illuminate/Database/Eloquent/Model.php(1153): Illuminate\Database\Eloquent\Model-&gt;insertAndSetId()
#10 /projects/challenge/vendor/laravel/framework/src/Illuminate/Database/Eloquent/Model.php(994): Illuminate\Database\Eloquent\Model-&gt;performInsert()
#11 /projects/challenge/vendor/laravel/framework/src/Illuminate/Database/Eloquent/Builder.php(894): Illuminate\Database\Eloquent\Model-&gt;save()
#12 /projects/challenge/vendor/laravel/framework/src/Illuminate/Support/helpers.php(263): Illuminate\Database\Eloquent\Builder-&gt;Illuminate\Database\Eloquent\{closure}()
#13 /projects/challenge/vendor/laravel/framework/src/Illuminate/Database/Eloquent/Builder.php(895): tap()
#14 /projects/challenge/vendor/laravel/framework/src/Illuminate/Support/Traits/ForwardsCalls.php(23): Illuminate\Database\Eloquent\Builder-&gt;create()
#15 /projects/challenge/vendor/laravel/framework/src/Illuminate/Database/Eloquent/Model.php(2132): Illuminate\Database\Eloquent\Model-&gt;forwardCallTo()
#16 /projects/challenge/vendor/laravel/framework/src/Illuminate/Database/Eloquent/Model.php(2144): Illuminate\Database\Eloquent\Model-&gt;__call()
#17 /projects/challenge/app/Http/Controllers/Api/ArticleController.php(21): Illuminate\Database\Eloquent\Model::__callStatic()
#18 /projects/challenge/vendor/laravel/framework/src/Illuminate/Routing/Controller.php(54): App\Http\Controllers\Api\ArticleController-&gt;create()
#19 /projects/challenge/vendor/laravel/framework/src/Illuminate/Routing/ControllerDispatcher.php(45): Illuminate\Routing\Controller-&gt;callAction()
#20 /projects/challenge/vendor/laravel/framework/src/Illuminate/Routing/Route.php(262): Illuminate\Routing\ControllerDispatcher-&gt;dispatch()
#21 /projects/challenge/vendor/laravel/framework/src/Illuminate/Routing/Route.php(205): Illuminate\Routing\Route-&gt;runController()
#22 /projects/challenge/vendor/laravel/framework/src/Illuminate/Routing/Router.php(695): Illuminate\Routing\Route-&gt;run()
#23 /projects/challenge/vendor/laravel/framework/src/Illuminate/Pipeline/Pipeline.php(128): Illuminate\Routing\Router-&gt;Illuminate\Routing\{closure}()
#24 /projects/challenge/vendor/laravel/framework/src/Illuminate/Routing/Middleware/SubstituteBindings.php(50): Illuminate\Pipeline\Pipeline-&gt;Illuminate\Pipeline\{closure}()
#25 /projects/challenge/vendor/laravel/framework/src/Illuminate/Pipeline/Pipeline.php(167): Illuminate\Routing\Middleware\SubstituteBindings-&gt;handle()
#26 /projects/challenge/vendor/laravel/framework/src/Illuminate/Routing/Middleware/ThrottleRequests.php(127): Illuminate\Pipeline\Pipeline-&gt;Illuminate\Pipeline\{closure}()
#27 /projects/challenge/vendor/laravel/framework/src/Illuminate/Routing/Middleware/ThrottleRequests.php(103): Illuminate\Routing\Middleware\ThrottleRequests-&gt;handleRequest()
#28 /projects/challenge/vendor/laravel/framework/src/Illuminate/Routing/Middleware/ThrottleRequests.php(55): Illuminate\Routing\Middleware\ThrottleRequests-&gt;handleRequestUsingNamedLimiter()
#29 /projects/challenge/vendor/laravel/framework/src/Illuminate/Pipeline/Pipeline.php(167): Illuminate\Routing\Middleware\ThrottleRequests-&gt;handle()
#30 /projects/challenge/vendor/laravel/framework/src/Illuminate/Pipeline/Pipeline.php(103): Illuminate\Pipeline\Pipeline-&gt;Illuminate\Pipeline\{closure}()
#31 /projects/challenge/vendor/laravel/framework/src/Illuminate/Routing/Router.php(697): Illuminate\Pipeline\Pipeline-&gt;then()
#32 /projects/challenge/vendor/laravel/framework/src/Illuminate/Routing/Router.php(672): Illuminate\Routing\Router-&gt;runRouteWithinStack()
#33 /projects/challenge/vendor/laravel/framework/src/Illuminate/Routing/Router.php(636): Illuminate\Routing\Router-&gt;runRoute()
#34 /projects/challenge/vendor/laravel/framework/src/Illuminate/Routing/Router.php(625): Illuminate\Routing\Router-&gt;dispatchToRoute()
#35 /projects/challenge/vendor/laravel/framework/src/Illuminate/Foundation/Http/Kernel.php(167): Illuminate\Routing\Router-&gt;dispatch()
#36 /projects/challenge/vendor/laravel/framework/src/Illuminate/Pipeline/Pipeline.php(128): Illuminate\Foundation\Http\Kernel-&gt;Illuminate\Foundation\Http\{closure}()
#37 /projects/challenge/vendor/laravel/framework/src/Illuminate/Foundation/Http/Middleware/TransformsRequest.php(21): Illuminate\Pipeline\Pipeline-&gt;Illuminate\Pipeline\{closure}()
#38 /projects/challenge/vendor/laravel/framework/src/Illuminate/Foundation/Http/Middleware/ConvertEmptyStringsToNull.php(31): Illuminate\Foundation\Http\Middleware\TransformsRequest-&gt;handle()
#39 /projects/challenge/vendor/laravel/framework/src/Illuminate/Pipeline/Pipeline.php(167): Illuminate\Foundation\Http\Middleware\ConvertEmptyStringsToNull-&gt;handle()
#40 /projects/challenge/vendor/laravel/framework/src/Illuminate/Foundation/Http/Middleware/TransformsRequest.php(21): Illuminate\Pipeline\Pipeline-&gt;Illuminate\Pipeline\{closure}()
#41 /projects/challenge/vendor/laravel/framework/src/Illuminate/Foundation/Http/Middleware/TrimStrings.php(40): Illuminate\Foundation\Http\Middleware\TransformsRequest-&gt;handle()
#42 /projects/challenge/vendor/laravel/framework/src/Illuminate/Pipeline/Pipeline.php(167): Illuminate\Foundation\Http\Middleware\TrimStrings-&gt;handle()
#43 /projects/challenge/vendor/laravel/framework/src/Illuminate/Foundation/Http/Middleware/ValidatePostSize.php(27): Illuminate\Pipeline\Pipeline-&gt;Illuminate\Pipeline\{closure}()
#44 /projects/challenge/vendor/laravel/framework/src/Illuminate/Pipeline/Pipeline.php(167): Illuminate\Foundation\Http\Middleware\ValidatePostSize-&gt;handle()
#45 /projects/challenge/vendor/laravel/framework/src/Illuminate/Foundation/Http/Middleware/PreventRequestsDuringMaintenance.php(86): Illuminate\Pipeline\Pipeline-&gt;Illuminate\Pipeline\{closure}()
#46 /projects/challenge/vendor/laravel/framework/src/Illuminate/Pipeline/Pipeline.php(167): Illuminate\Foundation\Http\Middleware\PreventRequestsDuringMaintenance-&gt;handle()
#47 /projects/challenge/vendor/fruitcake/laravel-cors/src/HandleCors.php(52): Illuminate\Pipeline\Pipeline-&gt;Illuminate\Pipeline\{closure}()
#48 /projects/challenge/vendor/laravel/framework/src/Illuminate/Pipeline/Pipeline.php(167): Fruitcake\Cors\HandleCors-&gt;handle()
#49 /projects/challenge/vendor/laravel/framework/src/Illuminate/Http/Middleware/TrustProxies.php(39): Illuminate\Pipeline\Pipeline-&gt;Illuminate\Pipeline\{closure}()
#50 /projects/challenge/vendor/laravel/framework/src/Illuminate/Pipeline/Pipeline.php(167): Illuminate\Http\Middleware\TrustProxies-&gt;handle()
#51 /projects/challenge/vendor/laravel/framework/src/Illuminate/Pipeline/Pipeline.php(103): Illuminate\Pipeline\Pipeline-&gt;Illuminate\Pipeline\{closure}()
#52 /projects/challenge/vendor/laravel/framework/src/Illuminate/Foundation/Http/Kernel.php(142): Illuminate\Pipeline\Pipeline-&gt;then()
#53 /projects/challenge/vendor/laravel/framework/src/Illuminate/Foundation/Http/Kernel.php(111): Illuminate\Foundation\Http\Kernel-&gt;sendRequestThroughRouter()
#54 /projects/challenge/vendor/laravel/framework/src/Illuminate/Foundation/Testing/Concerns/MakesHttpRequests.php(510): Illuminate\Foundation\Http\Kernel-&gt;handle()
#55 /projects/challenge/vendor/laravel/framework/src/Illuminate/Foundation/Testing/Concerns/MakesHttpRequests.php(476): Illuminate\Foundation\Testing\TestCase-&gt;call()
#56 /projects/challenge/vendor/laravel/framework/src/Illuminate/Foundation/Testing/Concerns/MakesHttpRequests.php(335): Illuminate\Foundation\Testing\TestCase-&gt;json()
#57 /projects/challenge/tests/Unit/ArticleTest.php(25): Illuminate\Foundation\Testing\TestCase-&gt;postJson()
#58 /projects/challenge/vendor/phpunit/phpunit/src/Framework/TestCase.php(1545): Tests\Unit\ArticleTest-&gt;test_article_post()
#59 /projects/challenge/vendor/phpunit/phpunit/src/Framework/TestCase.php(1151): PHPUnit\Framework\TestCase-&gt;runTest()
#60 /projects/challenge/vendor/phpunit/phpunit/src/Framework/TestResult.php(726): PHPUnit\Framework\TestCase-&gt;runBare()
#61 /projects/challenge/vendor/phpunit/phpunit/src/Framework/TestCase.php(903): PHPUnit\Framework\TestResult-&gt;run()
#62 /projects/challenge/vendor/phpunit/phpunit/src/Framework/TestSuite.php(678): PHPUnit\Framework\TestCase-&gt;run()
#63 /projects/challenge/vendor/phpunit/phpunit/src/Framework/TestSuite.php(678): PHPUnit\Framework\TestSuite-&gt;run()
#64 /projects/challenge/vendor/phpunit/phpunit/src/TextUI/TestRunner.php(670): PHPUnit\Framework\TestSuite-&gt;run()
#65 /projects/challenge/vendor/phpunit/phpunit/src/TextUI/Command.php(143): PHPUnit\TextUI\TestRunner-&gt;run()
#66 /projects/challenge/vendor/phpunit/phpunit/src/TextUI/Command.php(96): PHPUnit\TextUI\Command-&gt;run()
#67 /projects/challenge/vendor/phpunit/phpunit/phpunit(98): PHPUnit\TextUI\Command::main()
#68 {main}

Next Illuminate\Database\QueryException: SQLSTATE[23000]: Integrity constraint violation: 19 NOT NULL constraint failed: article.published_at (SQL: insert into "article" ("title", "content", "author", "category", "updated_at", "created_at") values (New photography exhibition, In a new exhibition at the Royal Botanic Garden Edinburgh, famous photographer explores the astonishing diversity of nature., Oscar Davies, Nature, 2022-04-14 09:15:37, 2022-04-14 09:15:37)) in /projects/challenge/vendor/laravel/framework/src/Illuminate/Database/Connection.php:712
Stack trace:
#0 /projects/challenge/vendor/laravel/framework/src/Illuminate/Database/Connection.php(672): Illuminate\Database\Connection-&gt;runQueryCallback()
#1 /projects/challenge/vendor/laravel/framework/src/Illuminate/Database/Connection.php(502): Illuminate\Database\Connection-&gt;run()
#2 /projects/challenge/vendor/laravel/framework/src/Illuminate/Database/Connection.php(454): Illuminate\Database\Connection-&gt;statement()
#3 /projects/challenge/vendor/laravel/framework/src/Illuminate/Database/Query/Processors/Processor.php(32): Illuminate\Database\Connection-&gt;insert()
#4 /projects/challenge/vendor/laravel/framework/src/Illuminate/Database/Query/Builder.php(2999): Illuminate\Database\Query\Processors\Processor-&gt;processInsertGetId()
#5 /projects/challenge/vendor/laravel/framework/src/Illuminate/Database/Eloquent/Builder.php(1655): Illuminate\Database\Query\Builder-&gt;insertGetId()
#6 /projects/challenge/vendor/laravel/framework/src/Illuminate/Database/Eloquent/Model.php(1188): Illuminate\Database\Eloquent\Builder-&gt;__call()
#7 /projects/challenge/vendor/laravel/framework/src/Illuminate/Database/Eloquent/Model.php(1153): Illuminate\Database\Eloquent\Model-&gt;insertAndSetId()
#8 /projects/challenge/vendor/laravel/framework/src/Illuminate/Database/Eloquent/Model.php(994): Illuminate\Database\Eloquent\Model-&gt;performInsert()
#9 /projects/challenge/vendor/laravel/framework/src/Illuminate/Database/Eloquent/Builder.php(894): Illuminate\Database\Eloquent\Model-&gt;save()
#10 /projects/challenge/vendor/laravel/framework/src/Illuminate/Support/helpers.php(263): Illuminate\Database\Eloquent\Builder-&gt;Illuminate\Database\Eloquent\{closure}()
#11 /projects/challenge/vendor/laravel/framework/src/Illuminate/Database/Eloquent/Builder.php(895): tap()
#12 /projects/challenge/vendor/laravel/framework/src/Illuminate/Support/Traits/ForwardsCalls.php(23): Illuminate\Database\Eloquent\Builder-&gt;create()
#13 /projects/challenge/vendor/laravel/framework/src/Illuminate/Database/Eloquent/Model.php(2132): Illuminate\Database\Eloquent\Model-&gt;forwardCallTo()
#14 /projects/challenge/vendor/laravel/framework/src/Illuminate/Database/Eloquent/Model.php(2144): Illuminate\Database\Eloquent\Model-&gt;__call()
#15 /projects/challenge/app/Http/Controllers/Api/ArticleController.php(21): Illuminate\Database\Eloquent\Model::__callStatic()
#16 /projects/challenge/vendor/laravel/framework/src/Illuminate/Routing/Controller.php(54): App\Http\Controllers\Api\ArticleController-&gt;create()
#17 /projects/challenge/vendor/laravel/framework/src/Illuminate/Routing/ControllerDispatcher.php(45): Illuminate\Routing\Controller-&gt;callAction()
#18 /projects/challenge/vendor/laravel/framework/src/Illuminate/Routing/Route.php(262): Illuminate\Routing\ControllerDispatcher-&gt;dispatch()
#19 /projects/challenge/vendor/laravel/framework/src/Illuminate/Routing/Route.php(205): Illuminate\Routing\Route-&gt;runController()
#20 /projects/challenge/vendor/laravel/framework/src/Illuminate/Routing/Router.php(695): Illuminate\Routing\Route-&gt;run()
#21 /projects/challenge/vendor/laravel/framework/src/Illuminate/Pipeline/Pipeline.php(128): Illuminate\Routing\Router-&gt;Illuminate\Routing\{closure}()
#22 /projects/challenge/vendor/laravel/framework/src/Illuminate/Routing/Middleware/SubstituteBindings.php(50): Illuminate\Pipeline\Pipeline-&gt;Illuminate\Pipeline\{closure}()
#23 /projects/challenge/vendor/laravel/framework/src/Illuminate/Pipeline/Pipeline.php(167): Illuminate\Routing\Middleware\SubstituteBindings-&gt;handle()
#24 /projects/challenge/vendor/laravel/framework/src/Illuminate/Routing/Middleware/ThrottleRequests.php(127): Illuminate\Pipeline\Pipeline-&gt;Illuminate\Pipeline\{closure}()
#25 /projects/challenge/vendor/laravel/framework/src/Illuminate/Routing/Middleware/ThrottleRequests.php(103): Illuminate\Routing\Middleware\ThrottleRequests-&gt;handleRequest()
#26 /projects/challenge/vendor/laravel/framework/src/Illuminate/Routing/Middleware/ThrottleRequests.php(55): Illuminate\Routing\Middleware\ThrottleRequests-&gt;handleRequestUsingNamedLimiter()
#27 /projects/challenge/vendor/laravel/framework/src/Illuminate/Pipeline/Pipeline.php(167): Illuminate\Routing\Middleware\ThrottleRequests-&gt;handle()
#28 /projects/challenge/vendor/laravel/framework/src/Illuminate/Pipeline/Pipeline.php(103): Illuminate\Pipeline\Pipeline-&gt;Illuminate\Pipeline\{closure}()
#29 /projects/challenge/vendor/laravel/framework/src/Illuminate/Routing/Router.php(697): Illuminate\Pipeline\Pipeline-&gt;then()
#30 /projects/challenge/vendor/laravel/framework/src/Illuminate/Routing/Router.php(672): Illuminate\Routing\Router-&gt;runRouteWithinStack()
#31 /projects/challenge/vendor/laravel/framework/src/Illuminate/Routing/Router.php(636): Illuminate\Routing\Router-&gt;runRoute()
#32 /projects/challenge/vendor/laravel/framework/src/Illuminate/Routing/Router.php(625): Illuminate\Routing\Router-&gt;dispatchToRoute()
#33 /projects/challenge/vendor/laravel/framework/src/Illuminate/Foundation/Http/Kernel.php(167): Illuminate\Routing\Router-&gt;dispatch()
#34 /projects/challenge/vendor/laravel/framework/src/Illuminate/Pipeline/Pipeline.php(128): Illuminate\Foundation\Http\Kernel-&gt;Illuminate\Foundation\Http\{closure}()
#35 /projects/challenge/vendor/laravel/framework/src/Illuminate/Foundation/Http/Middleware/TransformsRequest.php(21): Illuminate\Pipeline\Pipeline-&gt;Illuminate\Pipeline\{closure}()
#36 /projects/challenge/vendor/laravel/framework/src/Illuminate/Foundation/Http/Middleware/ConvertEmptyStringsToNull.php(31): Illuminate\Foundation\Http\Middleware\TransformsRequest-&gt;handle()
#37 /projects/challenge/vendor/laravel/framework/src/Illuminate/Pipeline/Pipeline.php(167): Illuminate\Foundation\Http\Middleware\ConvertEmptyStringsToNull-&gt;handle()
#38 /projects/challenge/vendor/laravel/framework/src/Illuminate/Foundation/Http/Middleware/TransformsRequest.php(21): Illuminate\Pipeline\Pipeline-&gt;Illuminate\Pipeline\{closure}()
#39 /projects/challenge/vendor/laravel/framework/src/Illuminate/Foundation/Http/Middleware/TrimStrings.php(40): Illuminate\Foundation\Http\Middleware\TransformsRequest-&gt;handle()
#40 /projects/challenge/vendor/laravel/framework/src/Illuminate/Pipeline/Pipeline.php(167): Illuminate\Foundation\Http\Middleware\TrimStrings-&gt;handle()
#41 /projects/challenge/vendor/laravel/framework/src/Illuminate/Foundation/Http/Middleware/ValidatePostSize.php(27): Illuminate\Pipeline\Pipeline-&gt;Illuminate\Pipeline\{closure}()
#42 /projects/challenge/vendor/laravel/framework/src/Illuminate/Pipeline/Pipeline.php(167): Illuminate\Foundation\Http\Middleware\ValidatePostSize-&gt;handle()
#43 /projects/challenge/vendor/laravel/framework/src/Illuminate/Foundation/Http/Middleware/PreventRequestsDuringMaintenance.php(86): Illuminate\Pipeline\Pipeline-&gt;Illuminate\Pipeline\{closure}()
#44 /projects/challenge/vendor/laravel/framework/src/Illuminate/Pipeline/Pipeline.php(167): Illuminate\Foundation\Http\Middleware\PreventRequestsDuringMaintenance-&gt;handle()
#45 /projects/challenge/vendor/fruitcake/laravel-cors/src/HandleCors.php(52): Illuminate\Pipeline\Pipeline-&gt;Illuminate\Pipeline\{closure}()
#46 /projects/challenge/vendor/laravel/framework/src/Illuminate/Pipeline/Pipeline.php(167): Fruitcake\Cors\HandleCors-&gt;handle()
#47 /projects/challenge/vendor/laravel/framework/src/Illuminate/Http/Middleware/TrustProxies.php(39): Illuminate\Pipeline\Pipeline-&gt;Illuminate\Pipeline\{closure}()
#48 /projects/challenge/vendor/laravel/framework/src/Illuminate/Pipeline/Pipeline.php(167): Illuminate\Http\Middleware\TrustProxies-&gt;handle()
#49 /projects/challenge/vendor/laravel/framework/src/Illuminate/Pipeline/Pipeline.php(103): Illuminate\Pipeline\Pipeline-&gt;Illuminate\Pipeline\{closure}()
#50 /projects/challenge/vendor/laravel/framework/src/Illuminate/Foundation/Http/Kernel.php(142): Illuminate\Pipeline\Pipeline-&gt;then()
#51 /projects/challenge/vendor/laravel/framework/src/Illuminate/Foundation/Http/Kernel.php(111): Illuminate\Foundation\Http\Kernel-&gt;sendRequestThroughRouter()
#52 /projects/challenge/vendor/laravel/framework/src/Illuminate/Foundation/Testing/Concerns/MakesHttpRequests.php(510): Illuminate\Foundation\Http\Kernel-&gt;handle()
#53 /projects/challenge/vendor/laravel/framework/src/Illuminate/Foundation/Testing/Concerns/MakesHttpRequests.php(476): Illuminate\Foundation\Testing\TestCase-&gt;call()
#54 /projects/challenge/vendor/laravel/framework/src/Illuminate/Foundation/Testing/Concerns/MakesHttpRequests.php(335): Illuminate\Foundation\Testing\TestCase-&gt;json()
#55 /projects/challenge/tests/Unit/ArticleTest.php(25): Illuminate\Foundation\Testing\TestCase-&gt;postJson()
#56 /projects/challenge/vendor/phpunit/phpunit/src/Framework/TestCase.php(1545): Tests\Unit\ArticleTest-&gt;test_article_post()
#57 /projects/challenge/vendor/phpunit/phpunit/src/Framework/TestCase.php(1151): PHPUnit\Framework\TestCase-&gt;runTest()
#58 /projects/challenge/vendor/phpunit/phpunit/src/Framework/TestResult.php(726): PHPUnit\Framework\TestCase-&gt;runBare()
#59 /projects/challenge/vendor/phpunit/phpunit/src/Framework/TestCase.php(903): PHPUnit\Framework\TestResult-&gt;run()
#60 /projects/challenge/vendor/phpunit/phpunit/src/Framework/TestSuite.php(678): PHPUnit\Framework\TestCase-&gt;run()
#61 /projects/challenge/vendor/phpunit/phpunit/src/Framework/TestSuite.php(678): PHPUnit\Framework\TestSuite-&gt;run()
#62 /projects/challenge/vendor/phpunit/phpunit/src/TextUI/TestRunner.php(670): PHPUnit\Framework\TestSuite-&gt;run()
#63 /projects/challenge/vendor/phpunit/phpunit/src/TextUI/Command.php(143): PHPUnit\TextUI\TestRunner-&gt;run()
#64 /projects/challenge/vendor/phpunit/phpunit/src/TextUI/Command.php(96): PHPUnit\TextUI\Command-&gt;run()
#65 /projects/challenge/vendor/phpunit/phpunit/phpunit(98): PHPUnit\TextUI\Command::main()
#66 {main}
Failed asserting that 201 is identical to 500.

/projects/challenge/vendor/laravel/framework/src/Illuminate/Testing/TestResponse.php:177
/projects/challenge/tests/Unit/ArticleTest.php:26</failure>
      </testcase>
      <testcase name="test_articles_get" class="Tests\Unit\ArticleTest" classname="Tests.Unit.ArticleTest" file="/projects/challenge/tests/Unit/ArticleTest.php" line="31" assertions="2" time="0.024926"/>
      <testcase name="test_article_post_title_empty" class="Tests\Unit\ArticleTest" classname="Tests.Unit.ArticleTest" file="/projects/challenge/tests/Unit/ArticleTest.php" line="43" assertions="1" time="0.033376">
        <failure type="PHPUnit\Framework\ExpectationFailedException">Tests\Unit\ArticleTest::test_article_post_title_empty
Expected response status code [400] but received 500.

The following exception occurred during the request:

PDOException: SQLSTATE[23000]: Integrity constraint violation: 19 NOT NULL constraint failed: article.title in /projects/challenge/vendor/laravel/framework/src/Illuminate/Database/Connection.php:501
Stack trace:
#0 /projects/challenge/vendor/laravel/framework/src/Illuminate/Database/Connection.php(501): PDOStatement-&gt;execute()
#1 /projects/challenge/vendor/laravel/framework/src/Illuminate/Database/Connection.php(705): Illuminate\Database\Connection-&gt;Illuminate\Database\{closure}()
#2 /projects/challenge/vendor/laravel/framework/src/Illuminate/Database/Connection.php(672): Illuminate\Database\Connection-&gt;runQueryCallback()
#3 /projects/challenge/vendor/laravel/framework/src/Illuminate/Database/Connection.php(502): Illuminate\Database\Connection-&gt;run()
#4 /projects/challenge/vendor/laravel/framework/src/Illuminate/Database/Connection.php(454): Illuminate\Database\Connection-&gt;statement()
#5 /projects/challenge/vendor/laravel/framework/src/Illuminate/Database/Query/Processors/Processor.php(32): Illuminate\Database\Connection-&gt;insert()
#6 /projects/challenge/vendor/laravel/framework/src/Illuminate/Database/Query/Builder.php(2999): Illuminate\Database\Query\Processors\Processor-&gt;processInsertGetId()
#7 /projects/challenge/vendor/laravel/framework/src/Illuminate/Database/Eloquent/Builder.php(1655): Illuminate\Database\Query\Builder-&gt;insertGetId()
#8 /projects/challenge/vendor/laravel/framework/src/Illuminate/Database/Eloquent/Model.php(1188): Illuminate\Database\Eloquent\Builder-&gt;__call()
#9 /projects/challenge/vendor/laravel/framework/src/Illuminate/Database/Eloquent/Model.php(1153): Illuminate\Database\Eloquent\Model-&gt;insertAndSetId()
#10 /projects/challenge/vendor/laravel/framework/src/Illuminate/Database/Eloquent/Model.php(994): Illuminate\Database\Eloquent\Model-&gt;performInsert()
#11 /projects/challenge/vendor/laravel/framework/src/Illuminate/Database/Eloquent/Builder.php(894): Illuminate\Database\Eloquent\Model-&gt;save()
#12 /projects/challenge/vendor/laravel/framework/src/Illuminate/Support/helpers.php(263): Illuminate\Database\Eloquent\Builder-&gt;Illuminate\Database\Eloquent\{closure}()
#13 /projects/challenge/vendor/laravel/framework/src/Illuminate/Database/Eloquent/Builder.php(895): tap()
#14 /projects/challenge/vendor/laravel/framework/src/Illuminate/Support/Traits/ForwardsCalls.php(23): Illuminate\Database\Eloquent\Builder-&gt;create()
#15 /projects/challenge/vendor/laravel/framework/src/Illuminate/Database/Eloquent/Model.php(2132): Illuminate\Database\Eloquent\Model-&gt;forwardCallTo()
#16 /projects/challenge/vendor/laravel/framework/src/Illuminate/Database/Eloquent/Model.php(2144): Illuminate\Database\Eloquent\Model-&gt;__call()
#17 /projects/challenge/app/Http/Controllers/Api/ArticleController.php(21): Illuminate\Database\Eloquent\Model::__callStatic()
#18 /projects/challenge/vendor/laravel/framework/src/Illuminate/Routing/Controller.php(54): App\Http\Controllers\Api\ArticleController-&gt;create()
#19 /projects/challenge/vendor/laravel/framework/src/Illuminate/Routing/ControllerDispatcher.php(45): Illuminate\Routing\Controller-&gt;callAction()
#20 /projects/challenge/vendor/laravel/framework/src/Illuminate/Routing/Route.php(262): Illuminate\Routing\ControllerDispatcher-&gt;dispatch()
#21 /projects/challenge/vendor/laravel/framework/src/Illuminate/Routing/Route.php(205): Illuminate\Routing\Route-&gt;runController()
#22 /projects/challenge/vendor/laravel/framework/src/Illuminate/Routing/Router.php(695): Illuminate\Routing\Route-&gt;run()
#23 /projects/challenge/vendor/laravel/framework/src/Illuminate/Pipeline/Pipeline.php(128): Illuminate\Routing\Router-&gt;Illuminate\Routing\{closure}()
#24 /projects/challenge/vendor/laravel/framework/src/Illuminate/Routing/Middleware/SubstituteBindings.php(50): Illuminate\Pipeline\Pipeline-&gt;Illuminate\Pipeline\{closure}()
#25 /projects/challenge/vendor/laravel/framework/src/Illuminate/Pipeline/Pipeline.php(167): Illuminate\Routing\Middleware\SubstituteBindings-&gt;handle()
#26 /projects/challenge/vendor/laravel/framework/src/Illuminate/Routing/Middleware/ThrottleRequests.php(127): Illuminate\Pipeline\Pipeline-&gt;Illuminate\Pipeline\{closure}()
#27 /projects/challenge/vendor/laravel/framework/src/Illuminate/Routing/Middleware/ThrottleRequests.php(103): Illuminate\Routing\Middleware\ThrottleRequests-&gt;handleRequest()
#28 /projects/challenge/vendor/laravel/framework/src/Illuminate/Routing/Middleware/ThrottleRequests.php(55): Illuminate\Routing\Middleware\ThrottleRequests-&gt;handleRequestUsingNamedLimiter()
#29 /projects/challenge/vendor/laravel/framework/src/Illuminate/Pipeline/Pipeline.php(167): Illuminate\Routing\Middleware\ThrottleRequests-&gt;handle()
#30 /projects/challenge/vendor/laravel/framework/src/Illuminate/Pipeline/Pipeline.php(103): Illuminate\Pipeline\Pipeline-&gt;Illuminate\Pipeline\{closure}()
#31 /projects/challenge/vendor/laravel/framework/src/Illuminate/Routing/Router.php(697): Illuminate\Pipeline\Pipeline-&gt;then()
#32 /projects/challenge/vendor/laravel/framework/src/Illuminate/Routing/Router.php(672): Illuminate\Routing\Router-&gt;runRouteWithinStack()
#33 /projects/challenge/vendor/laravel/framework/src/Illuminate/Routing/Router.php(636): Illuminate\Routing\Router-&gt;runRoute()
#34 /projects/challenge/vendor/laravel/framework/src/Illuminate/Routing/Router.php(625): Illuminate\Routing\Router-&gt;dispatchToRoute()
#35 /projects/challenge/vendor/laravel/framework/src/Illuminate/Foundation/Http/Kernel.php(167): Illuminate\Routing\Router-&gt;dispatch()
#36 /projects/challenge/vendor/laravel/framework/src/Illuminate/Pipeline/Pipeline.php(128): Illuminate\Foundation\Http\Kernel-&gt;Illuminate\Foundation\Http\{closure}()
#37 /projects/challenge/vendor/laravel/framework/src/Illuminate/Foundation/Http/Middleware/TransformsRequest.php(21): Illuminate\Pipeline\Pipeline-&gt;Illuminate\Pipeline\{closure}()
#38 /projects/challenge/vendor/laravel/framework/src/Illuminate/Foundation/Http/Middleware/ConvertEmptyStringsToNull.php(31): Illuminate\Foundation\Http\Middleware\TransformsRequest-&gt;handle()
#39 /projects/challenge/vendor/laravel/framework/src/Illuminate/Pipeline/Pipeline.php(167): Illuminate\Foundation\Http\Middleware\ConvertEmptyStringsToNull-&gt;handle()
#40 /projects/challenge/vendor/laravel/framework/src/Illuminate/Foundation/Http/Middleware/TransformsRequest.php(21): Illuminate\Pipeline\Pipeline-&gt;Illuminate\Pipeline\{closure}()
#41 /projects/challenge/vendor/laravel/framework/src/Illuminate/Foundation/Http/Middleware/TrimStrings.php(40): Illuminate\Foundation\Http\Middleware\TransformsRequest-&gt;handle()
#42 /projects/challenge/vendor/laravel/framework/src/Illuminate/Pipeline/Pipeline.php(167): Illuminate\Foundation\Http\Middleware\TrimStrings-&gt;handle()
#43 /projects/challenge/vendor/laravel/framework/src/Illuminate/Foundation/Http/Middleware/ValidatePostSize.php(27): Illuminate\Pipeline\Pipeline-&gt;Illuminate\Pipeline\{closure}()
#44 /projects/challenge/vendor/laravel/framework/src/Illuminate/Pipeline/Pipeline.php(167): Illuminate\Foundation\Http\Middleware\ValidatePostSize-&gt;handle()
#45 /projects/challenge/vendor/laravel/framework/src/Illuminate/Foundation/Http/Middleware/PreventRequestsDuringMaintenance.php(86): Illuminate\Pipeline\Pipeline-&gt;Illuminate\Pipeline\{closure}()
#46 /projects/challenge/vendor/laravel/framework/src/Illuminate/Pipeline/Pipeline.php(167): Illuminate\Foundation\Http\Middleware\PreventRequestsDuringMaintenance-&gt;handle()
#47 /projects/challenge/vendor/fruitcake/laravel-cors/src/HandleCors.php(52): Illuminate\Pipeline\Pipeline-&gt;Illuminate\Pipeline\{closure}()
#48 /projects/challenge/vendor/laravel/framework/src/Illuminate/Pipeline/Pipeline.php(167): Fruitcake\Cors\HandleCors-&gt;handle()
#49 /projects/challenge/vendor/laravel/framework/src/Illuminate/Http/Middleware/TrustProxies.php(39): Illuminate\Pipeline\Pipeline-&gt;Illuminate\Pipeline\{closure}()
#50 /projects/challenge/vendor/laravel/framework/src/Illuminate/Pipeline/Pipeline.php(167): Illuminate\Http\Middleware\TrustProxies-&gt;handle()
#51 /projects/challenge/vendor/laravel/framework/src/Illuminate/Pipeline/Pipeline.php(103): Illuminate\Pipeline\Pipeline-&gt;Illuminate\Pipeline\{closure}()
#52 /projects/challenge/vendor/laravel/framework/src/Illuminate/Foundation/Http/Kernel.php(142): Illuminate\Pipeline\Pipeline-&gt;then()
#53 /projects/challenge/vendor/laravel/framework/src/Illuminate/Foundation/Http/Kernel.php(111): Illuminate\Foundation\Http\Kernel-&gt;sendRequestThroughRouter()
#54 /projects/challenge/vendor/laravel/framework/src/Illuminate/Foundation/Testing/Concerns/MakesHttpRequests.php(510): Illuminate\Foundation\Http\Kernel-&gt;handle()
#55 /projects/challenge/vendor/laravel/framework/src/Illuminate/Foundation/Testing/Concerns/MakesHttpRequests.php(476): Illuminate\Foundation\Testing\TestCase-&gt;call()
#56 /projects/challenge/vendor/laravel/framework/src/Illuminate/Foundation/Testing/Concerns/MakesHttpRequests.php(335): Illuminate\Foundation\Testing\TestCase-&gt;json()
#57 /projects/challenge/tests/Unit/ArticleTest.php(47): Illuminate\Foundation\Testing\TestCase-&gt;postJson()
#58 /projects/challenge/vendor/phpunit/phpunit/src/Framework/TestCase.php(1545): Tests\Unit\ArticleTest-&gt;test_article_post_title_empty()
#59 /projects/challenge/vendor/phpunit/phpunit/src/Framework/TestCase.php(1151): PHPUnit\Framework\TestCase-&gt;runTest()
#60 /projects/challenge/vendor/phpunit/phpunit/src/Framework/TestResult.php(726): PHPUnit\Framework\TestCase-&gt;runBare()
#61 /projects/challenge/vendor/phpunit/phpunit/src/Framework/TestCase.php(903): PHPUnit\Framework\TestResult-&gt;run()
#62 /projects/challenge/vendor/phpunit/phpunit/src/Framework/TestSuite.php(678): PHPUnit\Framework\TestCase-&gt;run()
#63 /projects/challenge/vendor/phpunit/phpunit/src/Framework/TestSuite.php(678): PHPUnit\Framework\TestSuite-&gt;run()
#64 /projects/challenge/vendor/phpunit/phpunit/src/TextUI/TestRunner.php(670): PHPUnit\Framework\TestSuite-&gt;run()
#65 /projects/challenge/vendor/phpunit/phpunit/src/TextUI/Command.php(143): PHPUnit\TextUI\TestRunner-&gt;run()
#66 /projects/challenge/vendor/phpunit/phpunit/src/TextUI/Command.php(96): PHPUnit\TextUI\Command-&gt;run()
#67 /projects/challenge/vendor/phpunit/phpunit/phpunit(98): PHPUnit\TextUI\Command::main()
#68 {main}

Next Illuminate\Database\QueryException: SQLSTATE[23000]: Integrity constraint violation: 19 NOT NULL constraint failed: article.title (SQL: insert into "article" ("title", "content", "author", "category", "updated_at", "created_at") values (?, In a new exhibition at the Royal Botanic Garden Edinburgh, famous photographer explores the astonishing diversity of nature., Oscar Davies, Nature, 2022-04-14 09:15:37, 2022-04-14 09:15:37)) in /projects/challenge/vendor/laravel/framework/src/Illuminate/Database/Connection.php:712
Stack trace:
#0 /projects/challenge/vendor/laravel/framework/src/Illuminate/Database/Connection.php(672): Illuminate\Database\Connection-&gt;runQueryCallback()
#1 /projects/challenge/vendor/laravel/framework/src/Illuminate/Database/Connection.php(502): Illuminate\Database\Connection-&gt;run()
#2 /projects/challenge/vendor/laravel/framework/src/Illuminate/Database/Connection.php(454): Illuminate\Database\Connection-&gt;statement()
#3 /projects/challenge/vendor/laravel/framework/src/Illuminate/Database/Query/Processors/Processor.php(32): Illuminate\Database\Connection-&gt;insert()
#4 /projects/challenge/vendor/laravel/framework/src/Illuminate/Database/Query/Builder.php(2999): Illuminate\Database\Query\Processors\Processor-&gt;processInsertGetId()
#5 /projects/challenge/vendor/laravel/framework/src/Illuminate/Database/Eloquent/Builder.php(1655): Illuminate\Database\Query\Builder-&gt;insertGetId()
#6 /projects/challenge/vendor/laravel/framework/src/Illuminate/Database/Eloquent/Model.php(1188): Illuminate\Database\Eloquent\Builder-&gt;__call()
#7 /projects/challenge/vendor/laravel/framework/src/Illuminate/Database/Eloquent/Model.php(1153): Illuminate\Database\Eloquent\Model-&gt;insertAndSetId()
#8 /projects/challenge/vendor/laravel/framework/src/Illuminate/Database/Eloquent/Model.php(994): Illuminate\Database\Eloquent\Model-&gt;performInsert()
#9 /projects/challenge/vendor/laravel/framework/src/Illuminate/Database/Eloquent/Builder.php(894): Illuminate\Database\Eloquent\Model-&gt;save()
#10 /projects/challenge/vendor/laravel/framework/src/Illuminate/Support/helpers.php(263): Illuminate\Database\Eloquent\Builder-&gt;Illuminate\Database\Eloquent\{closure}()
#11 /projects/challenge/vendor/laravel/framework/src/Illuminate/Database/Eloquent/Builder.php(895): tap()
#12 /projects/challenge/vendor/laravel/framework/src/Illuminate/Support/Traits/ForwardsCalls.php(23): Illuminate\Database\Eloquent\Builder-&gt;create()
#13 /projects/challenge/vendor/laravel/framework/src/Illuminate/Database/Eloquent/Model.php(2132): Illuminate\Database\Eloquent\Model-&gt;forwardCallTo()
#14 /projects/challenge/vendor/laravel/framework/src/Illuminate/Database/Eloquent/Model.php(2144): Illuminate\Database\Eloquent\Model-&gt;__call()
#15 /projects/challenge/app/Http/Controllers/Api/ArticleController.php(21): Illuminate\Database\Eloquent\Model::__callStatic()
#16 /projects/challenge/vendor/laravel/framework/src/Illuminate/Routing/Controller.php(54): App\Http\Controllers\Api\ArticleController-&gt;create()
#17 /projects/challenge/vendor/laravel/framework/src/Illuminate/Routing/ControllerDispatcher.php(45): Illuminate\Routing\Controller-&gt;callAction()
#18 /projects/challenge/vendor/laravel/framework/src/Illuminate/Routing/Route.php(262): Illuminate\Routing\ControllerDispatcher-&gt;dispatch()
#19 /projects/challenge/vendor/laravel/framework/src/Illuminate/Routing/Route.php(205): Illuminate\Routing\Route-&gt;runController()
#20 /projects/challenge/vendor/laravel/framework/src/Illuminate/Routing/Router.php(695): Illuminate\Routing\Route-&gt;run()
#21 /projects/challenge/vendor/laravel/framework/src/Illuminate/Pipeline/Pipeline.php(128): Illuminate\Routing\Router-&gt;Illuminate\Routing\{closure}()
#22 /projects/challenge/vendor/laravel/framework/src/Illuminate/Routing/Middleware/SubstituteBindings.php(50): Illuminate\Pipeline\Pipeline-&gt;Illuminate\Pipeline\{closure}()
#23 /projects/challenge/vendor/laravel/framework/src/Illuminate/Pipeline/Pipeline.php(167): Illuminate\Routing\Middleware\SubstituteBindings-&gt;handle()
#24 /projects/challenge/vendor/laravel/framework/src/Illuminate/Routing/Middleware/ThrottleRequests.php(127): Illuminate\Pipeline\Pipeline-&gt;Illuminate\Pipeline\{closure}()
#25 /projects/challenge/vendor/laravel/framework/src/Illuminate/Routing/Middleware/ThrottleRequests.php(103): Illuminate\Routing\Middleware\ThrottleRequests-&gt;handleRequest()
#26 /projects/challenge/vendor/laravel/framework/src/Illuminate/Routing/Middleware/ThrottleRequests.php(55): Illuminate\Routing\Middleware\ThrottleRequests-&gt;handleRequestUsingNamedLimiter()
#27 /projects/challenge/vendor/laravel/framework/src/Illuminate/Pipeline/Pipeline.php(167): Illuminate\Routing\Middleware\ThrottleRequests-&gt;handle()
#28 /projects/challenge/vendor/laravel/framework/src/Illuminate/Pipeline/Pipeline.php(103): Illuminate\Pipeline\Pipeline-&gt;Illuminate\Pipeline\{closure}()
#29 /projects/challenge/vendor/laravel/framework/src/Illuminate/Routing/Router.php(697): Illuminate\Pipeline\Pipeline-&gt;then()
#30 /projects/challenge/vendor/laravel/framework/src/Illuminate/Routing/Router.php(672): Illuminate\Routing\Router-&gt;runRouteWithinStack()
#31 /projects/challenge/vendor/laravel/framework/src/Illuminate/Routing/Router.php(636): Illuminate\Routing\Router-&gt;runRoute()
#32 /projects/challenge/vendor/laravel/framework/src/Illuminate/Routing/Router.php(625): Illuminate\Routing\Router-&gt;dispatchToRoute()
#33 /projects/challenge/vendor/laravel/framework/src/Illuminate/Foundation/Http/Kernel.php(167): Illuminate\Routing\Router-&gt;dispatch()
#34 /projects/challenge/vendor/laravel/framework/src/Illuminate/Pipeline/Pipeline.php(128): Illuminate\Foundation\Http\Kernel-&gt;Illuminate\Foundation\Http\{closure}()
#35 /projects/challenge/vendor/laravel/framework/src/Illuminate/Foundation/Http/Middleware/TransformsRequest.php(21): Illuminate\Pipeline\Pipeline-&gt;Illuminate\Pipeline\{closure}()
#36 /projects/challenge/vendor/laravel/framework/src/Illuminate/Foundation/Http/Middleware/ConvertEmptyStringsToNull.php(31): Illuminate\Foundation\Http\Middleware\TransformsRequest-&gt;handle()
#37 /projects/challenge/vendor/laravel/framework/src/Illuminate/Pipeline/Pipeline.php(167): Illuminate\Foundation\Http\Middleware\ConvertEmptyStringsToNull-&gt;handle()
#38 /projects/challenge/vendor/laravel/framework/src/Illuminate/Foundation/Http/Middleware/TransformsRequest.php(21): Illuminate\Pipeline\Pipeline-&gt;Illuminate\Pipeline\{closure}()
#39 /projects/challenge/vendor/laravel/framework/src/Illuminate/Foundation/Http/Middleware/TrimStrings.php(40): Illuminate\Foundation\Http\Middleware\TransformsRequest-&gt;handle()
#40 /projects/challenge/vendor/laravel/framework/src/Illuminate/Pipeline/Pipeline.php(167): Illuminate\Foundation\Http\Middleware\TrimStrings-&gt;handle()
#41 /projects/challenge/vendor/laravel/framework/src/Illuminate/Foundation/Http/Middleware/ValidatePostSize.php(27): Illuminate\Pipeline\Pipeline-&gt;Illuminate\Pipeline\{closure}()
#42 /projects/challenge/vendor/laravel/framework/src/Illuminate/Pipeline/Pipeline.php(167): Illuminate\Foundation\Http\Middleware\ValidatePostSize-&gt;handle()
#43 /projects/challenge/vendor/laravel/framework/src/Illuminate/Foundation/Http/Middleware/PreventRequestsDuringMaintenance.php(86): Illuminate\Pipeline\Pipeline-&gt;Illuminate\Pipeline\{closure}()
#44 /projects/challenge/vendor/laravel/framework/src/Illuminate/Pipeline/Pipeline.php(167): Illuminate\Foundation\Http\Middleware\PreventRequestsDuringMaintenance-&gt;handle()
#45 /projects/challenge/vendor/fruitcake/laravel-cors/src/HandleCors.php(52): Illuminate\Pipeline\Pipeline-&gt;Illuminate\Pipeline\{closure}()
#46 /projects/challenge/vendor/laravel/framework/src/Illuminate/Pipeline/Pipeline.php(167): Fruitcake\Cors\HandleCors-&gt;handle()
#47 /projects/challenge/vendor/laravel/framework/src/Illuminate/Http/Middleware/TrustProxies.php(39): Illuminate\Pipeline\Pipeline-&gt;Illuminate\Pipeline\{closure}()
#48 /projects/challenge/vendor/laravel/framework/src/Illuminate/Pipeline/Pipeline.php(167): Illuminate\Http\Middleware\TrustProxies-&gt;handle()
#49 /projects/challenge/vendor/laravel/framework/src/Illuminate/Pipeline/Pipeline.php(103): Illuminate\Pipeline\Pipeline-&gt;Illuminate\Pipeline\{closure}()
#50 /projects/challenge/vendor/laravel/framework/src/Illuminate/Foundation/Http/Kernel.php(142): Illuminate\Pipeline\Pipeline-&gt;then()
#51 /projects/challenge/vendor/laravel/framework/src/Illuminate/Foundation/Http/Kernel.php(111): Illuminate\Foundation\Http\Kernel-&gt;sendRequestThroughRouter()
#52 /projects/challenge/vendor/laravel/framework/src/Illuminate/Foundation/Testing/Concerns/MakesHttpRequests.php(510): Illuminate\Foundation\Http\Kernel-&gt;handle()
#53 /projects/challenge/vendor/laravel/framework/src/Illuminate/Foundation/Testing/Concerns/MakesHttpRequests.php(476): Illuminate\Foundation\Testing\TestCase-&gt;call()
#54 /projects/challenge/vendor/laravel/framework/src/Illuminate/Foundation/Testing/Concerns/MakesHttpRequests.php(335): Illuminate\Foundation\Testing\TestCase-&gt;json()
#55 /projects/challenge/tests/Unit/ArticleTest.php(47): Illuminate\Foundation\Testing\TestCase-&gt;postJson()
#56 /projects/challenge/vendor/phpunit/phpunit/src/Framework/TestCase.php(1545): Tests\Unit\ArticleTest-&gt;test_article_post_title_empty()
#57 /projects/challenge/vendor/phpunit/phpunit/src/Framework/TestCase.php(1151): PHPUnit\Framework\TestCase-&gt;runTest()
#58 /projects/challenge/vendor/phpunit/phpunit/src/Framework/TestResult.php(726): PHPUnit\Framework\TestCase-&gt;runBare()
#59 /projects/challenge/vendor/phpunit/phpunit/src/Framework/TestCase.php(903): PHPUnit\Framework\TestResult-&gt;run()
#60 /projects/challenge/vendor/phpunit/phpunit/src/Framework/TestSuite.php(678): PHPUnit\Framework\TestCase-&gt;run()
#61 /projects/challenge/vendor/phpunit/phpunit/src/Framework/TestSuite.php(678): PHPUnit\Framework\TestSuite-&gt;run()
#62 /projects/challenge/vendor/phpunit/phpunit/src/TextUI/TestRunner.php(670): PHPUnit\Framework\TestSuite-&gt;run()
#63 /projects/challenge/vendor/phpunit/phpunit/src/TextUI/Command.php(143): PHPUnit\TextUI\TestRunner-&gt;run()
#64 /projects/challenge/vendor/phpunit/phpunit/src/TextUI/Command.php(96): PHPUnit\TextUI\Command-&gt;run()
#65 /projects/challenge/vendor/phpunit/phpunit/phpunit(98): PHPUnit\TextUI\Command::main()
#66 {main}
Failed asserting that 400 is identical to 500.

/projects/challenge/vendor/laravel/framework/src/Illuminate/Testing/TestResponse.php:177
/projects/challenge/tests/Unit/ArticleTest.php:49</failure>
      </testcase>
      <testcase name="test_article_post_content_empty" class="Tests\Unit\ArticleTest" classname="Tests.Unit.ArticleTest" file="/projects/challenge/tests/Unit/ArticleTest.php" line="54" assertions="1" time="0.031893">
        <failure type="PHPUnit\Framework\ExpectationFailedException">Tests\Unit\ArticleTest::test_article_post_content_empty
Expected response status code [400] but received 500.

The following exception occurred during the request:

PDOException: SQLSTATE[23000]: Integrity constraint violation: 19 NOT NULL constraint failed: article.content in /projects/challenge/vendor/laravel/framework/src/Illuminate/Database/Connection.php:501
Stack trace:
#0 /projects/challenge/vendor/laravel/framework/src/Illuminate/Database/Connection.php(501): PDOStatement-&gt;execute()
#1 /projects/challenge/vendor/laravel/framework/src/Illuminate/Database/Connection.php(705): Illuminate\Database\Connection-&gt;Illuminate\Database\{closure}()
#2 /projects/challenge/vendor/laravel/framework/src/Illuminate/Database/Connection.php(672): Illuminate\Database\Connection-&gt;runQueryCallback()
#3 /projects/challenge/vendor/laravel/framework/src/Illuminate/Database/Connection.php(502): Illuminate\Database\Connection-&gt;run()
#4 /projects/challenge/vendor/laravel/framework/src/Illuminate/Database/Connection.php(454): Illuminate\Database\Connection-&gt;statement()
#5 /projects/challenge/vendor/laravel/framework/src/Illuminate/Database/Query/Processors/Processor.php(32): Illuminate\Database\Connection-&gt;insert()
#6 /projects/challenge/vendor/laravel/framework/src/Illuminate/Database/Query/Builder.php(2999): Illuminate\Database\Query\Processors\Processor-&gt;processInsertGetId()
#7 /projects/challenge/vendor/laravel/framework/src/Illuminate/Database/Eloquent/Builder.php(1655): Illuminate\Database\Query\Builder-&gt;insertGetId()
#8 /projects/challenge/vendor/laravel/framework/src/Illuminate/Database/Eloquent/Model.php(1188): Illuminate\Database\Eloquent\Builder-&gt;__call()
#9 /projects/challenge/vendor/laravel/framework/src/Illuminate/Database/Eloquent/Model.php(1153): Illuminate\Database\Eloquent\Model-&gt;insertAndSetId()
#10 /projects/challenge/vendor/laravel/framework/src/Illuminate/Database/Eloquent/Model.php(994): Illuminate\Database\Eloquent\Model-&gt;performInsert()
#11 /projects/challenge/vendor/laravel/framework/src/Illuminate/Database/Eloquent/Builder.php(894): Illuminate\Database\Eloquent\Model-&gt;save()
#12 /projects/challenge/vendor/laravel/framework/src/Illuminate/Support/helpers.php(263): Illuminate\Database\Eloquent\Builder-&gt;Illuminate\Database\Eloquent\{closure}()
#13 /projects/challenge/vendor/laravel/framework/src/Illuminate/Database/Eloquent/Builder.php(895): tap()
#14 /projects/challenge/vendor/laravel/framework/src/Illuminate/Support/Traits/ForwardsCalls.php(23): Illuminate\Database\Eloquent\Builder-&gt;create()
#15 /projects/challenge/vendor/laravel/framework/src/Illuminate/Database/Eloquent/Model.php(2132): Illuminate\Database\Eloquent\Model-&gt;forwardCallTo()
#16 /projects/challenge/vendor/laravel/framework/src/Illuminate/Database/Eloquent/Model.php(2144): Illuminate\Database\Eloquent\Model-&gt;__call()
#17 /projects/challenge/app/Http/Controllers/Api/ArticleController.php(21): Illuminate\Database\Eloquent\Model::__callStatic()
#18 /projects/challenge/vendor/laravel/framework/src/Illuminate/Routing/Controller.php(54): App\Http\Controllers\Api\ArticleController-&gt;create()
#19 /projects/challenge/vendor/laravel/framework/src/Illuminate/Routing/ControllerDispatcher.php(45): Illuminate\Routing\Controller-&gt;callAction()
#20 /projects/challenge/vendor/laravel/framework/src/Illuminate/Routing/Route.php(262): Illuminate\Routing\ControllerDispatcher-&gt;dispatch()
#21 /projects/challenge/vendor/laravel/framework/src/Illuminate/Routing/Route.php(205): Illuminate\Routing\Route-&gt;runController()
#22 /projects/challenge/vendor/laravel/framework/src/Illuminate/Routing/Router.php(695): Illuminate\Routing\Route-&gt;run()
#23 /projects/challenge/vendor/laravel/framework/src/Illuminate/Pipeline/Pipeline.php(128): Illuminate\Routing\Router-&gt;Illuminate\Routing\{closure}()
#24 /projects/challenge/vendor/laravel/framework/src/Illuminate/Routing/Middleware/SubstituteBindings.php(50): Illuminate\Pipeline\Pipeline-&gt;Illuminate\Pipeline\{closure}()
#25 /projects/challenge/vendor/laravel/framework/src/Illuminate/Pipeline/Pipeline.php(167): Illuminate\Routing\Middleware\SubstituteBindings-&gt;handle()
#26 /projects/challenge/vendor/laravel/framework/src/Illuminate/Routing/Middleware/ThrottleRequests.php(127): Illuminate\Pipeline\Pipeline-&gt;Illuminate\Pipeline\{closure}()
#27 /projects/challenge/vendor/laravel/framework/src/Illuminate/Routing/Middleware/ThrottleRequests.php(103): Illuminate\Routing\Middleware\ThrottleRequests-&gt;handleRequest()
#28 /projects/challenge/vendor/laravel/framework/src/Illuminate/Routing/Middleware/ThrottleRequests.php(55): Illuminate\Routing\Middleware\ThrottleRequests-&gt;handleRequestUsingNamedLimiter()
#29 /projects/challenge/vendor/laravel/framework/src/Illuminate/Pipeline/Pipeline.php(167): Illuminate\Routing\Middleware\ThrottleRequests-&gt;handle()
#30 /projects/challenge/vendor/laravel/framework/src/Illuminate/Pipeline/Pipeline.php(103): Illuminate\Pipeline\Pipeline-&gt;Illuminate\Pipeline\{closure}()
#31 /projects/challenge/vendor/laravel/framework/src/Illuminate/Routing/Router.php(697): Illuminate\Pipeline\Pipeline-&gt;then()
#32 /projects/challenge/vendor/laravel/framework/src/Illuminate/Routing/Router.php(672): Illuminate\Routing\Router-&gt;runRouteWithinStack()
#33 /projects/challenge/vendor/laravel/framework/src/Illuminate/Routing/Router.php(636): Illuminate\Routing\Router-&gt;runRoute()
#34 /projects/challenge/vendor/laravel/framework/src/Illuminate/Routing/Router.php(625): Illuminate\Routing\Router-&gt;dispatchToRoute()
#35 /projects/challenge/vendor/laravel/framework/src/Illuminate/Foundation/Http/Kernel.php(167): Illuminate\Routing\Router-&gt;dispatch()
#36 /projects/challenge/vendor/laravel/framework/src/Illuminate/Pipeline/Pipeline.php(128): Illuminate\Foundation\Http\Kernel-&gt;Illuminate\Foundation\Http\{closure}()
#37 /projects/challenge/vendor/laravel/framework/src/Illuminate/Foundation/Http/Middleware/TransformsRequest.php(21): Illuminate\Pipeline\Pipeline-&gt;Illuminate\Pipeline\{closure}()
#38 /projects/challenge/vendor/laravel/framework/src/Illuminate/Foundation/Http/Middleware/ConvertEmptyStringsToNull.php(31): Illuminate\Foundation\Http\Middleware\TransformsRequest-&gt;handle()
#39 /projects/challenge/vendor/laravel/framework/src/Illuminate/Pipeline/Pipeline.php(167): Illuminate\Foundation\Http\Middleware\ConvertEmptyStringsToNull-&gt;handle()
#40 /projects/challenge/vendor/laravel/framework/src/Illuminate/Foundation/Http/Middleware/TransformsRequest.php(21): Illuminate\Pipeline\Pipeline-&gt;Illuminate\Pipeline\{closure}()
#41 /projects/challenge/vendor/laravel/framework/src/Illuminate/Foundation/Http/Middleware/TrimStrings.php(40): Illuminate\Foundation\Http\Middleware\TransformsRequest-&gt;handle()
#42 /projects/challenge/vendor/laravel/framework/src/Illuminate/Pipeline/Pipeline.php(167): Illuminate\Foundation\Http\Middleware\TrimStrings-&gt;handle()
#43 /projects/challenge/vendor/laravel/framework/src/Illuminate/Foundation/Http/Middleware/ValidatePostSize.php(27): Illuminate\Pipeline\Pipeline-&gt;Illuminate\Pipeline\{closure}()
#44 /projects/challenge/vendor/laravel/framework/src/Illuminate/Pipeline/Pipeline.php(167): Illuminate\Foundation\Http\Middleware\ValidatePostSize-&gt;handle()
#45 /projects/challenge/vendor/laravel/framework/src/Illuminate/Foundation/Http/Middleware/PreventRequestsDuringMaintenance.php(86): Illuminate\Pipeline\Pipeline-&gt;Illuminate\Pipeline\{closure}()
#46 /projects/challenge/vendor/laravel/framework/src/Illuminate/Pipeline/Pipeline.php(167): Illuminate\Foundation\Http\Middleware\PreventRequestsDuringMaintenance-&gt;handle()
#47 /projects/challenge/vendor/fruitcake/laravel-cors/src/HandleCors.php(52): Illuminate\Pipeline\Pipeline-&gt;Illuminate\Pipeline\{closure}()
#48 /projects/challenge/vendor/laravel/framework/src/Illuminate/Pipeline/Pipeline.php(167): Fruitcake\Cors\HandleCors-&gt;handle()
#49 /projects/challenge/vendor/laravel/framework/src/Illuminate/Http/Middleware/TrustProxies.php(39): Illuminate\Pipeline\Pipeline-&gt;Illuminate\Pipeline\{closure}()
#50 /projects/challenge/vendor/laravel/framework/src/Illuminate/Pipeline/Pipeline.php(167): Illuminate\Http\Middleware\TrustProxies-&gt;handle()
#51 /projects/challenge/vendor/laravel/framework/src/Illuminate/Pipeline/Pipeline.php(103): Illuminate\Pipeline\Pipeline-&gt;Illuminate\Pipeline\{closure}()
#52 /projects/challenge/vendor/laravel/framework/src/Illuminate/Foundation/Http/Kernel.php(142): Illuminate\Pipeline\Pipeline-&gt;then()
#53 /projects/challenge/vendor/laravel/framework/src/Illuminate/Foundation/Http/Kernel.php(111): Illuminate\Foundation\Http\Kernel-&gt;sendRequestThroughRouter()
#54 /projects/challenge/vendor/laravel/framework/src/Illuminate/Foundation/Testing/Concerns/MakesHttpRequests.php(510): Illuminate\Foundation\Http\Kernel-&gt;handle()
#55 /projects/challenge/vendor/laravel/framework/src/Illuminate/Foundation/Testing/Concerns/MakesHttpRequests.php(476): Illuminate\Foundation\Testing\TestCase-&gt;call()
#56 /projects/challenge/vendor/laravel/framework/src/Illuminate/Foundation/Testing/Concerns/MakesHttpRequests.php(335): Illuminate\Foundation\Testing\TestCase-&gt;json()
#57 /projects/challenge/tests/Unit/ArticleTest.php(58): Illuminate\Foundation\Testing\TestCase-&gt;postJson()
#58 /projects/challenge/vendor/phpunit/phpunit/src/Framework/TestCase.php(1545): Tests\Unit\ArticleTest-&gt;test_article_post_content_empty()
#59 /projects/challenge/vendor/phpunit/phpunit/src/Framework/TestCase.php(1151): PHPUnit\Framework\TestCase-&gt;runTest()
#60 /projects/challenge/vendor/phpunit/phpunit/src/Framework/TestResult.php(726): PHPUnit\Framework\TestCase-&gt;runBare()
#61 /projects/challenge/vendor/phpunit/phpunit/src/Framework/TestCase.php(903): PHPUnit\Framework\TestResult-&gt;run()
#62 /projects/challenge/vendor/phpunit/phpunit/src/Framework/TestSuite.php(678): PHPUnit\Framework\TestCase-&gt;run()
#63 /projects/challenge/vendor/phpunit/phpunit/src/Framework/TestSuite.php(678): PHPUnit\Framework\TestSuite-&gt;run()
#64 /projects/challenge/vendor/phpunit/phpunit/src/TextUI/TestRunner.php(670): PHPUnit\Framework\TestSuite-&gt;run()
#65 /projects/challenge/vendor/phpunit/phpunit/src/TextUI/Command.php(143): PHPUnit\TextUI\TestRunner-&gt;run()
#66 /projects/challenge/vendor/phpunit/phpunit/src/TextUI/Command.php(96): PHPUnit\TextUI\Command-&gt;run()
#67 /projects/challenge/vendor/phpunit/phpunit/phpunit(98): PHPUnit\TextUI\Command::main()
#68 {main}

Next Illuminate\Database\QueryException: SQLSTATE[23000]: Integrity constraint violation: 19 NOT NULL constraint failed: article.content (SQL: insert into "article" ("title", "content", "author", "category", "updated_at", "created_at") values (New photography exhibition, ?, Oscar Davies, Nature, 2022-04-14 09:15:37, 2022-04-14 09:15:37)) in /projects/challenge/vendor/laravel/framework/src/Illuminate/Database/Connection.php:712
Stack trace:
#0 /projects/challenge/vendor/laravel/framework/src/Illuminate/Database/Connection.php(672): Illuminate\Database\Connection-&gt;runQueryCallback()
#1 /projects/challenge/vendor/laravel/framework/src/Illuminate/Database/Connection.php(502): Illuminate\Database\Connection-&gt;run()
#2 /projects/challenge/vendor/laravel/framework/src/Illuminate/Database/Connection.php(454): Illuminate\Database\Connection-&gt;statement()
#3 /projects/challenge/vendor/laravel/framework/src/Illuminate/Database/Query/Processors/Processor.php(32): Illuminate\Database\Connection-&gt;insert()
#4 /projects/challenge/vendor/laravel/framework/src/Illuminate/Database/Query/Builder.php(2999): Illuminate\Database\Query\Processors\Processor-&gt;processInsertGetId()
#5 /projects/challenge/vendor/laravel/framework/src/Illuminate/Database/Eloquent/Builder.php(1655): Illuminate\Database\Query\Builder-&gt;insertGetId()
#6 /projects/challenge/vendor/laravel/framework/src/Illuminate/Database/Eloquent/Model.php(1188): Illuminate\Database\Eloquent\Builder-&gt;__call()
#7 /projects/challenge/vendor/laravel/framework/src/Illuminate/Database/Eloquent/Model.php(1153): Illuminate\Database\Eloquent\Model-&gt;insertAndSetId()
#8 /projects/challenge/vendor/laravel/framework/src/Illuminate/Database/Eloquent/Model.php(994): Illuminate\Database\Eloquent\Model-&gt;performInsert()
#9 /projects/challenge/vendor/laravel/framework/src/Illuminate/Database/Eloquent/Builder.php(894): Illuminate\Database\Eloquent\Model-&gt;save()
#10 /projects/challenge/vendor/laravel/framework/src/Illuminate/Support/helpers.php(263): Illuminate\Database\Eloquent\Builder-&gt;Illuminate\Database\Eloquent\{closure}()
#11 /projects/challenge/vendor/laravel/framework/src/Illuminate/Database/Eloquent/Builder.php(895): tap()
#12 /projects/challenge/vendor/laravel/framework/src/Illuminate/Support/Traits/ForwardsCalls.php(23): Illuminate\Database\Eloquent\Builder-&gt;create()
#13 /projects/challenge/vendor/laravel/framework/src/Illuminate/Database/Eloquent/Model.php(2132): Illuminate\Database\Eloquent\Model-&gt;forwardCallTo()
#14 /projects/challenge/vendor/laravel/framework/src/Illuminate/Database/Eloquent/Model.php(2144): Illuminate\Database\Eloquent\Model-&gt;__call()
#15 /projects/challenge/app/Http/Controllers/Api/ArticleController.php(21): Illuminate\Database\Eloquent\Model::__callStatic()
#16 /projects/challenge/vendor/laravel/framework/src/Illuminate/Routing/Controller.php(54): App\Http\Controllers\Api\ArticleController-&gt;create()
#17 /projects/challenge/vendor/laravel/framework/src/Illuminate/Routing/ControllerDispatcher.php(45): Illuminate\Routing\Controller-&gt;callAction()
#18 /projects/challenge/vendor/laravel/framework/src/Illuminate/Routing/Route.php(262): Illuminate\Routing\ControllerDispatcher-&gt;dispatch()
#19 /projects/challenge/vendor/laravel/framework/src/Illuminate/Routing/Route.php(205): Illuminate\Routing\Route-&gt;runController()
#20 /projects/challenge/vendor/laravel/framework/src/Illuminate/Routing/Router.php(695): Illuminate\Routing\Route-&gt;run()
#21 /projects/challenge/vendor/laravel/framework/src/Illuminate/Pipeline/Pipeline.php(128): Illuminate\Routing\Router-&gt;Illuminate\Routing\{closure}()
#22 /projects/challenge/vendor/laravel/framework/src/Illuminate/Routing/Middleware/SubstituteBindings.php(50): Illuminate\Pipeline\Pipeline-&gt;Illuminate\Pipeline\{closure}()
#23 /projects/challenge/vendor/laravel/framework/src/Illuminate/Pipeline/Pipeline.php(167): Illuminate\Routing\Middleware\SubstituteBindings-&gt;handle()
#24 /projects/challenge/vendor/laravel/framework/src/Illuminate/Routing/Middleware/ThrottleRequests.php(127): Illuminate\Pipeline\Pipeline-&gt;Illuminate\Pipeline\{closure}()
#25 /projects/challenge/vendor/laravel/framework/src/Illuminate/Routing/Middleware/ThrottleRequests.php(103): Illuminate\Routing\Middleware\ThrottleRequests-&gt;handleRequest()
#26 /projects/challenge/vendor/laravel/framework/src/Illuminate/Routing/Middleware/ThrottleRequests.php(55): Illuminate\Routing\Middleware\ThrottleRequests-&gt;handleRequestUsingNamedLimiter()
#27 /projects/challenge/vendor/laravel/framework/src/Illuminate/Pipeline/Pipeline.php(167): Illuminate\Routing\Middleware\ThrottleRequests-&gt;handle()
#28 /projects/challenge/vendor/laravel/framework/src/Illuminate/Pipeline/Pipeline.php(103): Illuminate\Pipeline\Pipeline-&gt;Illuminate\Pipeline\{closure}()
#29 /projects/challenge/vendor/laravel/framework/src/Illuminate/Routing/Router.php(697): Illuminate\Pipeline\Pipeline-&gt;then()
#30 /projects/challenge/vendor/laravel/framework/src/Illuminate/Routing/Router.php(672): Illuminate\Routing\Router-&gt;runRouteWithinStack()
#31 /projects/challenge/vendor/laravel/framework/src/Illuminate/Routing/Router.php(636): Illuminate\Routing\Router-&gt;runRoute()
#32 /projects/challenge/vendor/laravel/framework/src/Illuminate/Routing/Router.php(625): Illuminate\Routing\Router-&gt;dispatchToRoute()
#33 /projects/challenge/vendor/laravel/framework/src/Illuminate/Foundation/Http/Kernel.php(167): Illuminate\Routing\Router-&gt;dispatch()
#34 /projects/challenge/vendor/laravel/framework/src/Illuminate/Pipeline/Pipeline.php(128): Illuminate\Foundation\Http\Kernel-&gt;Illuminate\Foundation\Http\{closure}()
#35 /projects/challenge/vendor/laravel/framework/src/Illuminate/Foundation/Http/Middleware/TransformsRequest.php(21): Illuminate\Pipeline\Pipeline-&gt;Illuminate\Pipeline\{closure}()
#36 /projects/challenge/vendor/laravel/framework/src/Illuminate/Foundation/Http/Middleware/ConvertEmptyStringsToNull.php(31): Illuminate\Foundation\Http\Middleware\TransformsRequest-&gt;handle()
#37 /projects/challenge/vendor/laravel/framework/src/Illuminate/Pipeline/Pipeline.php(167): Illuminate\Foundation\Http\Middleware\ConvertEmptyStringsToNull-&gt;handle()
#38 /projects/challenge/vendor/laravel/framework/src/Illuminate/Foundation/Http/Middleware/TransformsRequest.php(21): Illuminate\Pipeline\Pipeline-&gt;Illuminate\Pipeline\{closure}()
#39 /projects/challenge/vendor/laravel/framework/src/Illuminate/Foundation/Http/Middleware/TrimStrings.php(40): Illuminate\Foundation\Http\Middleware\TransformsRequest-&gt;handle()
#40 /projects/challenge/vendor/laravel/framework/src/Illuminate/Pipeline/Pipeline.php(167): Illuminate\Foundation\Http\Middleware\TrimStrings-&gt;handle()
#41 /projects/challenge/vendor/laravel/framework/src/Illuminate/Foundation/Http/Middleware/ValidatePostSize.php(27): Illuminate\Pipeline\Pipeline-&gt;Illuminate\Pipeline\{closure}()
#42 /projects/challenge/vendor/laravel/framework/src/Illuminate/Pipeline/Pipeline.php(167): Illuminate\Foundation\Http\Middleware\ValidatePostSize-&gt;handle()
#43 /projects/challenge/vendor/laravel/framework/src/Illuminate/Foundation/Http/Middleware/PreventRequestsDuringMaintenance.php(86): Illuminate\Pipeline\Pipeline-&gt;Illuminate\Pipeline\{closure}()
#44 /projects/challenge/vendor/laravel/framework/src/Illuminate/Pipeline/Pipeline.php(167): Illuminate\Foundation\Http\Middleware\PreventRequestsDuringMaintenance-&gt;handle()
#45 /projects/challenge/vendor/fruitcake/laravel-cors/src/HandleCors.php(52): Illuminate\Pipeline\Pipeline-&gt;Illuminate\Pipeline\{closure}()
#46 /projects/challenge/vendor/laravel/framework/src/Illuminate/Pipeline/Pipeline.php(167): Fruitcake\Cors\HandleCors-&gt;handle()
#47 /projects/challenge/vendor/laravel/framework/src/Illuminate/Http/Middleware/TrustProxies.php(39): Illuminate\Pipeline\Pipeline-&gt;Illuminate\Pipeline\{closure}()
#48 /projects/challenge/vendor/laravel/framework/src/Illuminate/Pipeline/Pipeline.php(167): Illuminate\Http\Middleware\TrustProxies-&gt;handle()
#49 /projects/challenge/vendor/laravel/framework/src/Illuminate/Pipeline/Pipeline.php(103): Illuminate\Pipeline\Pipeline-&gt;Illuminate\Pipeline\{closure}()
#50 /projects/challenge/vendor/laravel/framework/src/Illuminate/Foundation/Http/Kernel.php(142): Illuminate\Pipeline\Pipeline-&gt;then()
#51 /projects/challenge/vendor/laravel/framework/src/Illuminate/Foundation/Http/Kernel.php(111): Illuminate\Foundation\Http\Kernel-&gt;sendRequestThroughRouter()
#52 /projects/challenge/vendor/laravel/framework/src/Illuminate/Foundation/Testing/Concerns/MakesHttpRequests.php(510): Illuminate\Foundation\Http\Kernel-&gt;handle()
#53 /projects/challenge/vendor/laravel/framework/src/Illuminate/Foundation/Testing/Concerns/MakesHttpRequests.php(476): Illuminate\Foundation\Testing\TestCase-&gt;call()
#54 /projects/challenge/vendor/laravel/framework/src/Illuminate/Foundation/Testing/Concerns/MakesHttpRequests.php(335): Illuminate\Foundation\Testing\TestCase-&gt;json()
#55 /projects/challenge/tests/Unit/ArticleTest.php(58): Illuminate\Foundation\Testing\TestCase-&gt;postJson()
#56 /projects/challenge/vendor/phpunit/phpunit/src/Framework/TestCase.php(1545): Tests\Unit\ArticleTest-&gt;test_article_post_content_empty()
#57 /projects/challenge/vendor/phpunit/phpunit/src/Framework/TestCase.php(1151): PHPUnit\Framework\TestCase-&gt;runTest()
#58 /projects/challenge/vendor/phpunit/phpunit/src/Framework/TestResult.php(726): PHPUnit\Framework\TestCase-&gt;runBare()
#59 /projects/challenge/vendor/phpunit/phpunit/src/Framework/TestCase.php(903): PHPUnit\Framework\TestResult-&gt;run()
#60 /projects/challenge/vendor/phpunit/phpunit/src/Framework/TestSuite.php(678): PHPUnit\Framework\TestCase-&gt;run()
#61 /projects/challenge/vendor/phpunit/phpunit/src/Framework/TestSuite.php(678): PHPUnit\Framework\TestSuite-&gt;run()
#62 /projects/challenge/vendor/phpunit/phpunit/src/TextUI/TestRunner.php(670): PHPUnit\Framework\TestSuite-&gt;run()
#63 /projects/challenge/vendor/phpunit/phpunit/src/TextUI/Command.php(143): PHPUnit\TextUI\TestRunner-&gt;run()
#64 /projects/challenge/vendor/phpunit/phpunit/src/TextUI/Command.php(96): PHPUnit\TextUI\Command-&gt;run()
#65 /projects/challenge/vendor/phpunit/phpunit/phpunit(98): PHPUnit\TextUI\Command::main()
#66 {main}
Failed asserting that 400 is identical to 500.

/projects/challenge/vendor/laravel/framework/src/Illuminate/Testing/TestResponse.php:177
/projects/challenge/tests/Unit/ArticleTest.php:60</failure>
      </testcase>
      <testcase name="test_article_post_author_empty" class="Tests\Unit\ArticleTest" classname="Tests.Unit.ArticleTest" file="/projects/challenge/tests/Unit/ArticleTest.php" line="65" assertions="1" time="0.031972">
        <failure type="PHPUnit\Framework\ExpectationFailedException">Tests\Unit\ArticleTest::test_article_post_author_empty
Expected response status code [400] but received 500.

The following exception occurred during the request:

PDOException: SQLSTATE[23000]: Integrity constraint violation: 19 NOT NULL constraint failed: article.author in /projects/challenge/vendor/laravel/framework/src/Illuminate/Database/Connection.php:501
Stack trace:
#0 /projects/challenge/vendor/laravel/framework/src/Illuminate/Database/Connection.php(501): PDOStatement-&gt;execute()
#1 /projects/challenge/vendor/laravel/framework/src/Illuminate/Database/Connection.php(705): Illuminate\Database\Connection-&gt;Illuminate\Database\{closure}()
#2 /projects/challenge/vendor/laravel/framework/src/Illuminate/Database/Connection.php(672): Illuminate\Database\Connection-&gt;runQueryCallback()
#3 /projects/challenge/vendor/laravel/framework/src/Illuminate/Database/Connection.php(502): Illuminate\Database\Connection-&gt;run()
#4 /projects/challenge/vendor/laravel/framework/src/Illuminate/Database/Connection.php(454): Illuminate\Database\Connection-&gt;statement()
#5 /projects/challenge/vendor/laravel/framework/src/Illuminate/Database/Query/Processors/Processor.php(32): Illuminate\Database\Connection-&gt;insert()
#6 /projects/challenge/vendor/laravel/framework/src/Illuminate/Database/Query/Builder.php(2999): Illuminate\Database\Query\Processors\Processor-&gt;processInsertGetId()
#7 /projects/challenge/vendor/laravel/framework/src/Illuminate/Database/Eloquent/Builder.php(1655): Illuminate\Database\Query\Builder-&gt;insertGetId()
#8 /projects/challenge/vendor/laravel/framework/src/Illuminate/Database/Eloquent/Model.php(1188): Illuminate\Database\Eloquent\Builder-&gt;__call()
#9 /projects/challenge/vendor/laravel/framework/src/Illuminate/Database/Eloquent/Model.php(1153): Illuminate\Database\Eloquent\Model-&gt;insertAndSetId()
#10 /projects/challenge/vendor/laravel/framework/src/Illuminate/Database/Eloquent/Model.php(994): Illuminate\Database\Eloquent\Model-&gt;performInsert()
#11 /projects/challenge/vendor/laravel/framework/src/Illuminate/Database/Eloquent/Builder.php(894): Illuminate\Database\Eloquent\Model-&gt;save()
#12 /projects/challenge/vendor/laravel/framework/src/Illuminate/Support/helpers.php(263): Illuminate\Database\Eloquent\Builder-&gt;Illuminate\Database\Eloquent\{closure}()
#13 /projects/challenge/vendor/laravel/framework/src/Illuminate/Database/Eloquent/Builder.php(895): tap()
#14 /projects/challenge/vendor/laravel/framework/src/Illuminate/Support/Traits/ForwardsCalls.php(23): Illuminate\Database\Eloquent\Builder-&gt;create()
#15 /projects/challenge/vendor/laravel/framework/src/Illuminate/Database/Eloquent/Model.php(2132): Illuminate\Database\Eloquent\Model-&gt;forwardCallTo()
#16 /projects/challenge/vendor/laravel/framework/src/Illuminate/Database/Eloquent/Model.php(2144): Illuminate\Database\Eloquent\Model-&gt;__call()
#17 /projects/challenge/app/Http/Controllers/Api/ArticleController.php(21): Illuminate\Database\Eloquent\Model::__callStatic()
#18 /projects/challenge/vendor/laravel/framework/src/Illuminate/Routing/Controller.php(54): App\Http\Controllers\Api\ArticleController-&gt;create()
#19 /projects/challenge/vendor/laravel/framework/src/Illuminate/Routing/ControllerDispatcher.php(45): Illuminate\Routing\Controller-&gt;callAction()
#20 /projects/challenge/vendor/laravel/framework/src/Illuminate/Routing/Route.php(262): Illuminate\Routing\ControllerDispatcher-&gt;dispatch()
#21 /projects/challenge/vendor/laravel/framework/src/Illuminate/Routing/Route.php(205): Illuminate\Routing\Route-&gt;runController()
#22 /projects/challenge/vendor/laravel/framework/src/Illuminate/Routing/Router.php(695): Illuminate\Routing\Route-&gt;run()
#23 /projects/challenge/vendor/laravel/framework/src/Illuminate/Pipeline/Pipeline.php(128): Illuminate\Routing\Router-&gt;Illuminate\Routing\{closure}()
#24 /projects/challenge/vendor/laravel/framework/src/Illuminate/Routing/Middleware/SubstituteBindings.php(50): Illuminate\Pipeline\Pipeline-&gt;Illuminate\Pipeline\{closure}()
#25 /projects/challenge/vendor/laravel/framework/src/Illuminate/Pipeline/Pipeline.php(167): Illuminate\Routing\Middleware\SubstituteBindings-&gt;handle()
#26 /projects/challenge/vendor/laravel/framework/src/Illuminate/Routing/Middleware/ThrottleRequests.php(127): Illuminate\Pipeline\Pipeline-&gt;Illuminate\Pipeline\{closure}()
#27 /projects/challenge/vendor/laravel/framework/src/Illuminate/Routing/Middleware/ThrottleRequests.php(103): Illuminate\Routing\Middleware\ThrottleRequests-&gt;handleRequest()
#28 /projects/challenge/vendor/laravel/framework/src/Illuminate/Routing/Middleware/ThrottleRequests.php(55): Illuminate\Routing\Middleware\ThrottleRequests-&gt;handleRequestUsingNamedLimiter()
#29 /projects/challenge/vendor/laravel/framework/src/Illuminate/Pipeline/Pipeline.php(167): Illuminate\Routing\Middleware\ThrottleRequests-&gt;handle()
#30 /projects/challenge/vendor/laravel/framework/src/Illuminate/Pipeline/Pipeline.php(103): Illuminate\Pipeline\Pipeline-&gt;Illuminate\Pipeline\{closure}()
#31 /projects/challenge/vendor/laravel/framework/src/Illuminate/Routing/Router.php(697): Illuminate\Pipeline\Pipeline-&gt;then()
#32 /projects/challenge/vendor/laravel/framework/src/Illuminate/Routing/Router.php(672): Illuminate\Routing\Router-&gt;runRouteWithinStack()
#33 /projects/challenge/vendor/laravel/framework/src/Illuminate/Routing/Router.php(636): Illuminate\Routing\Router-&gt;runRoute()
#34 /projects/challenge/vendor/laravel/framework/src/Illuminate/Routing/Router.php(625): Illuminate\Routing\Router-&gt;dispatchToRoute()
#35 /projects/challenge/vendor/laravel/framework/src/Illuminate/Foundation/Http/Kernel.php(167): Illuminate\Routing\Router-&gt;dispatch()
#36 /projects/challenge/vendor/laravel/framework/src/Illuminate/Pipeline/Pipeline.php(128): Illuminate\Foundation\Http\Kernel-&gt;Illuminate\Foundation\Http\{closure}()
#37 /projects/challenge/vendor/laravel/framework/src/Illuminate/Foundation/Http/Middleware/TransformsRequest.php(21): Illuminate\Pipeline\Pipeline-&gt;Illuminate\Pipeline\{closure}()
#38 /projects/challenge/vendor/laravel/framework/src/Illuminate/Foundation/Http/Middleware/ConvertEmptyStringsToNull.php(31): Illuminate\Foundation\Http\Middleware\TransformsRequest-&gt;handle()
#39 /projects/challenge/vendor/laravel/framework/src/Illuminate/Pipeline/Pipeline.php(167): Illuminate\Foundation\Http\Middleware\ConvertEmptyStringsToNull-&gt;handle()
#40 /projects/challenge/vendor/laravel/framework/src/Illuminate/Foundation/Http/Middleware/TransformsRequest.php(21): Illuminate\Pipeline\Pipeline-&gt;Illuminate\Pipeline\{closure}()
#41 /projects/challenge/vendor/laravel/framework/src/Illuminate/Foundation/Http/Middleware/TrimStrings.php(40): Illuminate\Foundation\Http\Middleware\TransformsRequest-&gt;handle()
#42 /projects/challenge/vendor/laravel/framework/src/Illuminate/Pipeline/Pipeline.php(167): Illuminate\Foundation\Http\Middleware\TrimStrings-&gt;handle()
#43 /projects/challenge/vendor/laravel/framework/src/Illuminate/Foundation/Http/Middleware/ValidatePostSize.php(27): Illuminate\Pipeline\Pipeline-&gt;Illuminate\Pipeline\{closure}()
#44 /projects/challenge/vendor/laravel/framework/src/Illuminate/Pipeline/Pipeline.php(167): Illuminate\Foundation\Http\Middleware\ValidatePostSize-&gt;handle()
#45 /projects/challenge/vendor/laravel/framework/src/Illuminate/Foundation/Http/Middleware/PreventRequestsDuringMaintenance.php(86): Illuminate\Pipeline\Pipeline-&gt;Illuminate\Pipeline\{closure}()
#46 /projects/challenge/vendor/laravel/framework/src/Illuminate/Pipeline/Pipeline.php(167): Illuminate\Foundation\Http\Middleware\PreventRequestsDuringMaintenance-&gt;handle()
#47 /projects/challenge/vendor/fruitcake/laravel-cors/src/HandleCors.php(52): Illuminate\Pipeline\Pipeline-&gt;Illuminate\Pipeline\{closure}()
#48 /projects/challenge/vendor/laravel/framework/src/Illuminate/Pipeline/Pipeline.php(167): Fruitcake\Cors\HandleCors-&gt;handle()
#49 /projects/challenge/vendor/laravel/framework/src/Illuminate/Http/Middleware/TrustProxies.php(39): Illuminate\Pipeline\Pipeline-&gt;Illuminate\Pipeline\{closure}()
#50 /projects/challenge/vendor/laravel/framework/src/Illuminate/Pipeline/Pipeline.php(167): Illuminate\Http\Middleware\TrustProxies-&gt;handle()
#51 /projects/challenge/vendor/laravel/framework/src/Illuminate/Pipeline/Pipeline.php(103): Illuminate\Pipeline\Pipeline-&gt;Illuminate\Pipeline\{closure}()
#52 /projects/challenge/vendor/laravel/framework/src/Illuminate/Foundation/Http/Kernel.php(142): Illuminate\Pipeline\Pipeline-&gt;then()
#53 /projects/challenge/vendor/laravel/framework/src/Illuminate/Foundation/Http/Kernel.php(111): Illuminate\Foundation\Http\Kernel-&gt;sendRequestThroughRouter()
#54 /projects/challenge/vendor/laravel/framework/src/Illuminate/Foundation/Testing/Concerns/MakesHttpRequests.php(510): Illuminate\Foundation\Http\Kernel-&gt;handle()
#55 /projects/challenge/vendor/laravel/framework/src/Illuminate/Foundation/Testing/Concerns/MakesHttpRequests.php(476): Illuminate\Foundation\Testing\TestCase-&gt;call()
#56 /projects/challenge/vendor/laravel/framework/src/Illuminate/Foundation/Testing/Concerns/MakesHttpRequests.php(335): Illuminate\Foundation\Testing\TestCase-&gt;json()
#57 /projects/challenge/tests/Unit/ArticleTest.php(69): Illuminate\Foundation\Testing\TestCase-&gt;postJson()
#58 /projects/challenge/vendor/phpunit/phpunit/src/Framework/TestCase.php(1545): Tests\Unit\ArticleTest-&gt;test_article_post_author_empty()
#59 /projects/challenge/vendor/phpunit/phpunit/src/Framework/TestCase.php(1151): PHPUnit\Framework\TestCase-&gt;runTest()
#60 /projects/challenge/vendor/phpunit/phpunit/src/Framework/TestResult.php(726): PHPUnit\Framework\TestCase-&gt;runBare()
#61 /projects/challenge/vendor/phpunit/phpunit/src/Framework/TestCase.php(903): PHPUnit\Framework\TestResult-&gt;run()
#62 /projects/challenge/vendor/phpunit/phpunit/src/Framework/TestSuite.php(678): PHPUnit\Framework\TestCase-&gt;run()
#63 /projects/challenge/vendor/phpunit/phpunit/src/Framework/TestSuite.php(678): PHPUnit\Framework\TestSuite-&gt;run()
#64 /projects/challenge/vendor/phpunit/phpunit/src/TextUI/TestRunner.php(670): PHPUnit\Framework\TestSuite-&gt;run()
#65 /projects/challenge/vendor/phpunit/phpunit/src/TextUI/Command.php(143): PHPUnit\TextUI\TestRunner-&gt;run()
#66 /projects/challenge/vendor/phpunit/phpunit/src/TextUI/Command.php(96): PHPUnit\TextUI\Command-&gt;run()
#67 /projects/challenge/vendor/phpunit/phpunit/phpunit(98): PHPUnit\TextUI\Command::main()
#68 {main}

Next Illuminate\Database\QueryException: SQLSTATE[23000]: Integrity constraint violation: 19 NOT NULL constraint failed: article.author (SQL: insert into "article" ("title", "content", "author", "category", "updated_at", "created_at") values (New photography exhibition, In a new exhibition at the Royal Botanic Garden Edinburgh, famous photographer explores the astonishing diversity of nature., ?, Nature, 2022-04-14 09:15:37, 2022-04-14 09:15:37)) in /projects/challenge/vendor/laravel/framework/src/Illuminate/Database/Connection.php:712
Stack trace:
#0 /projects/challenge/vendor/laravel/framework/src/Illuminate/Database/Connection.php(672): Illuminate\Database\Connection-&gt;runQueryCallback()
#1 /projects/challenge/vendor/laravel/framework/src/Illuminate/Database/Connection.php(502): Illuminate\Database\Connection-&gt;run()
#2 /projects/challenge/vendor/laravel/framework/src/Illuminate/Database/Connection.php(454): Illuminate\Database\Connection-&gt;statement()
#3 /projects/challenge/vendor/laravel/framework/src/Illuminate/Database/Query/Processors/Processor.php(32): Illuminate\Database\Connection-&gt;insert()
#4 /projects/challenge/vendor/laravel/framework/src/Illuminate/Database/Query/Builder.php(2999): Illuminate\Database\Query\Processors\Processor-&gt;processInsertGetId()
#5 /projects/challenge/vendor/laravel/framework/src/Illuminate/Database/Eloquent/Builder.php(1655): Illuminate\Database\Query\Builder-&gt;insertGetId()
#6 /projects/challenge/vendor/laravel/framework/src/Illuminate/Database/Eloquent/Model.php(1188): Illuminate\Database\Eloquent\Builder-&gt;__call()
#7 /projects/challenge/vendor/laravel/framework/src/Illuminate/Database/Eloquent/Model.php(1153): Illuminate\Database\Eloquent\Model-&gt;insertAndSetId()
#8 /projects/challenge/vendor/laravel/framework/src/Illuminate/Database/Eloquent/Model.php(994): Illuminate\Database\Eloquent\Model-&gt;performInsert()
#9 /projects/challenge/vendor/laravel/framework/src/Illuminate/Database/Eloquent/Builder.php(894): Illuminate\Database\Eloquent\Model-&gt;save()
#10 /projects/challenge/vendor/laravel/framework/src/Illuminate/Support/helpers.php(263): Illuminate\Database\Eloquent\Builder-&gt;Illuminate\Database\Eloquent\{closure}()
#11 /projects/challenge/vendor/laravel/framework/src/Illuminate/Database/Eloquent/Builder.php(895): tap()
#12 /projects/challenge/vendor/laravel/framework/src/Illuminate/Support/Traits/ForwardsCalls.php(23): Illuminate\Database\Eloquent\Builder-&gt;create()
#13 /projects/challenge/vendor/laravel/framework/src/Illuminate/Database/Eloquent/Model.php(2132): Illuminate\Database\Eloquent\Model-&gt;forwardCallTo()
#14 /projects/challenge/vendor/laravel/framework/src/Illuminate/Database/Eloquent/Model.php(2144): Illuminate\Database\Eloquent\Model-&gt;__call()
#15 /projects/challenge/app/Http/Controllers/Api/ArticleController.php(21): Illuminate\Database\Eloquent\Model::__callStatic()
#16 /projects/challenge/vendor/laravel/framework/src/Illuminate/Routing/Controller.php(54): App\Http\Controllers\Api\ArticleController-&gt;create()
#17 /projects/challenge/vendor/laravel/framework/src/Illuminate/Routing/ControllerDispatcher.php(45): Illuminate\Routing\Controller-&gt;callAction()
#18 /projects/challenge/vendor/laravel/framework/src/Illuminate/Routing/Route.php(262): Illuminate\Routing\ControllerDispatcher-&gt;dispatch()
#19 /projects/challenge/vendor/laravel/framework/src/Illuminate/Routing/Route.php(205): Illuminate\Routing\Route-&gt;runController()
#20 /projects/challenge/vendor/laravel/framework/src/Illuminate/Routing/Router.php(695): Illuminate\Routing\Route-&gt;run()
#21 /projects/challenge/vendor/laravel/framework/src/Illuminate/Pipeline/Pipeline.php(128): Illuminate\Routing\Router-&gt;Illuminate\Routing\{closure}()
#22 /projects/challenge/vendor/laravel/framework/src/Illuminate/Routing/Middleware/SubstituteBindings.php(50): Illuminate\Pipeline\Pipeline-&gt;Illuminate\Pipeline\{closure}()
#23 /projects/challenge/vendor/laravel/framework/src/Illuminate/Pipeline/Pipeline.php(167): Illuminate\Routing\Middleware\SubstituteBindings-&gt;handle()
#24 /projects/challenge/vendor/laravel/framework/src/Illuminate/Routing/Middleware/ThrottleRequests.php(127): Illuminate\Pipeline\Pipeline-&gt;Illuminate\Pipeline\{closure}()
#25 /projects/challenge/vendor/laravel/framework/src/Illuminate/Routing/Middleware/ThrottleRequests.php(103): Illuminate\Routing\Middleware\ThrottleRequests-&gt;handleRequest()
#26 /projects/challenge/vendor/laravel/framework/src/Illuminate/Routing/Middleware/ThrottleRequests.php(55): Illuminate\Routing\Middleware\ThrottleRequests-&gt;handleRequestUsingNamedLimiter()
#27 /projects/challenge/vendor/laravel/framework/src/Illuminate/Pipeline/Pipeline.php(167): Illuminate\Routing\Middleware\ThrottleRequests-&gt;handle()
#28 /projects/challenge/vendor/laravel/framework/src/Illuminate/Pipeline/Pipeline.php(103): Illuminate\Pipeline\Pipeline-&gt;Illuminate\Pipeline\{closure}()
#29 /projects/challenge/vendor/laravel/framework/src/Illuminate/Routing/Router.php(697): Illuminate\Pipeline\Pipeline-&gt;then()
#30 /projects/challenge/vendor/laravel/framework/src/Illuminate/Routing/Router.php(672): Illuminate\Routing\Router-&gt;runRouteWithinStack()
#31 /projects/challenge/vendor/laravel/framework/src/Illuminate/Routing/Router.php(636): Illuminate\Routing\Router-&gt;runRoute()
#32 /projects/challenge/vendor/laravel/framework/src/Illuminate/Routing/Router.php(625): Illuminate\Routing\Router-&gt;dispatchToRoute()
#33 /projects/challenge/vendor/laravel/framework/src/Illuminate/Foundation/Http/Kernel.php(167): Illuminate\Routing\Router-&gt;dispatch()
#34 /projects/challenge/vendor/laravel/framework/src/Illuminate/Pipeline/Pipeline.php(128): Illuminate\Foundation\Http\Kernel-&gt;Illuminate\Foundation\Http\{closure}()
#35 /projects/challenge/vendor/laravel/framework/src/Illuminate/Foundation/Http/Middleware/TransformsRequest.php(21): Illuminate\Pipeline\Pipeline-&gt;Illuminate\Pipeline\{closure}()
#36 /projects/challenge/vendor/laravel/framework/src/Illuminate/Foundation/Http/Middleware/ConvertEmptyStringsToNull.php(31): Illuminate\Foundation\Http\Middleware\TransformsRequest-&gt;handle()
#37 /projects/challenge/vendor/laravel/framework/src/Illuminate/Pipeline/Pipeline.php(167): Illuminate\Foundation\Http\Middleware\ConvertEmptyStringsToNull-&gt;handle()
#38 /projects/challenge/vendor/laravel/framework/src/Illuminate/Foundation/Http/Middleware/TransformsRequest.php(21): Illuminate\Pipeline\Pipeline-&gt;Illuminate\Pipeline\{closure}()
#39 /projects/challenge/vendor/laravel/framework/src/Illuminate/Foundation/Http/Middleware/TrimStrings.php(40): Illuminate\Foundation\Http\Middleware\TransformsRequest-&gt;handle()
#40 /projects/challenge/vendor/laravel/framework/src/Illuminate/Pipeline/Pipeline.php(167): Illuminate\Foundation\Http\Middleware\TrimStrings-&gt;handle()
#41 /projects/challenge/vendor/laravel/framework/src/Illuminate/Foundation/Http/Middleware/ValidatePostSize.php(27): Illuminate\Pipeline\Pipeline-&gt;Illuminate\Pipeline\{closure}()
#42 /projects/challenge/vendor/laravel/framework/src/Illuminate/Pipeline/Pipeline.php(167): Illuminate\Foundation\Http\Middleware\ValidatePostSize-&gt;handle()
#43 /projects/challenge/vendor/laravel/framework/src/Illuminate/Foundation/Http/Middleware/PreventRequestsDuringMaintenance.php(86): Illuminate\Pipeline\Pipeline-&gt;Illuminate\Pipeline\{closure}()
#44 /projects/challenge/vendor/laravel/framework/src/Illuminate/Pipeline/Pipeline.php(167): Illuminate\Foundation\Http\Middleware\PreventRequestsDuringMaintenance-&gt;handle()
#45 /projects/challenge/vendor/fruitcake/laravel-cors/src/HandleCors.php(52): Illuminate\Pipeline\Pipeline-&gt;Illuminate\Pipeline\{closure}()
#46 /projects/challenge/vendor/laravel/framework/src/Illuminate/Pipeline/Pipeline.php(167): Fruitcake\Cors\HandleCors-&gt;handle()
#47 /projects/challenge/vendor/laravel/framework/src/Illuminate/Http/Middleware/TrustProxies.php(39): Illuminate\Pipeline\Pipeline-&gt;Illuminate\Pipeline\{closure}()
#48 /projects/challenge/vendor/laravel/framework/src/Illuminate/Pipeline/Pipeline.php(167): Illuminate\Http\Middleware\TrustProxies-&gt;handle()
#49 /projects/challenge/vendor/laravel/framework/src/Illuminate/Pipeline/Pipeline.php(103): Illuminate\Pipeline\Pipeline-&gt;Illuminate\Pipeline\{closure}()
#50 /projects/challenge/vendor/laravel/framework/src/Illuminate/Foundation/Http/Kernel.php(142): Illuminate\Pipeline\Pipeline-&gt;then()
#51 /projects/challenge/vendor/laravel/framework/src/Illuminate/Foundation/Http/Kernel.php(111): Illuminate\Foundation\Http\Kernel-&gt;sendRequestThroughRouter()
#52 /projects/challenge/vendor/laravel/framework/src/Illuminate/Foundation/Testing/Concerns/MakesHttpRequests.php(510): Illuminate\Foundation\Http\Kernel-&gt;handle()
#53 /projects/challenge/vendor/laravel/framework/src/Illuminate/Foundation/Testing/Concerns/MakesHttpRequests.php(476): Illuminate\Foundation\Testing\TestCase-&gt;call()
#54 /projects/challenge/vendor/laravel/framework/src/Illuminate/Foundation/Testing/Concerns/MakesHttpRequests.php(335): Illuminate\Foundation\Testing\TestCase-&gt;json()
#55 /projects/challenge/tests/Unit/ArticleTest.php(69): Illuminate\Foundation\Testing\TestCase-&gt;postJson()
#56 /projects/challenge/vendor/phpunit/phpunit/src/Framework/TestCase.php(1545): Tests\Unit\ArticleTest-&gt;test_article_post_author_empty()
#57 /projects/challenge/vendor/phpunit/phpunit/src/Framework/TestCase.php(1151): PHPUnit\Framework\TestCase-&gt;runTest()
#58 /projects/challenge/vendor/phpunit/phpunit/src/Framework/TestResult.php(726): PHPUnit\Framework\TestCase-&gt;runBare()
#59 /projects/challenge/vendor/phpunit/phpunit/src/Framework/TestCase.php(903): PHPUnit\Framework\TestResult-&gt;run()
#60 /projects/challenge/vendor/phpunit/phpunit/src/Framework/TestSuite.php(678): PHPUnit\Framework\TestCase-&gt;run()
#61 /projects/challenge/vendor/phpunit/phpunit/src/Framework/TestSuite.php(678): PHPUnit\Framework\TestSuite-&gt;run()
#62 /projects/challenge/vendor/phpunit/phpunit/src/TextUI/TestRunner.php(670): PHPUnit\Framework\TestSuite-&gt;run()
#63 /projects/challenge/vendor/phpunit/phpunit/src/TextUI/Command.php(143): PHPUnit\TextUI\TestRunner-&gt;run()
#64 /projects/challenge/vendor/phpunit/phpunit/src/TextUI/Command.php(96): PHPUnit\TextUI\Command-&gt;run()
#65 /projects/challenge/vendor/phpunit/phpunit/phpunit(98): PHPUnit\TextUI\Command::main()
#66 {main}
Failed asserting that 400 is identical to 500.

/projects/challenge/vendor/laravel/framework/src/Illuminate/Testing/TestResponse.php:177
/projects/challenge/tests/Unit/ArticleTest.php:71</failure>
      </testcase>
      <testcase name="test_article_post_publish_at_empty" class="Tests\Unit\ArticleTest" classname="Tests.Unit.ArticleTest" file="/projects/challenge/tests/Unit/ArticleTest.php" line="76" assertions="1" time="0.031961">
        <failure type="PHPUnit\Framework\ExpectationFailedException">Tests\Unit\ArticleTest::test_article_post_publish_at_empty
Expected response status code [400] but received 500.

The following exception occurred during the request:

PDOException: SQLSTATE[23000]: Integrity constraint violation: 19 NOT NULL constraint failed: article.published_at in /projects/challenge/vendor/laravel/framework/src/Illuminate/Database/Connection.php:501
Stack trace:
#0 /projects/challenge/vendor/laravel/framework/src/Illuminate/Database/Connection.php(501): PDOStatement-&gt;execute()
#1 /projects/challenge/vendor/laravel/framework/src/Illuminate/Database/Connection.php(705): Illuminate\Database\Connection-&gt;Illuminate\Database\{closure}()
#2 /projects/challenge/vendor/laravel/framework/src/Illuminate/Database/Connection.php(672): Illuminate\Database\Connection-&gt;runQueryCallback()
#3 /projects/challenge/vendor/laravel/framework/src/Illuminate/Database/Connection.php(502): Illuminate\Database\Connection-&gt;run()
#4 /projects/challenge/vendor/laravel/framework/src/Illuminate/Database/Connection.php(454): Illuminate\Database\Connection-&gt;statement()
#5 /projects/challenge/vendor/laravel/framework/src/Illuminate/Database/Query/Processors/Processor.php(32): Illuminate\Database\Connection-&gt;insert()
#6 /projects/challenge/vendor/laravel/framework/src/Illuminate/Database/Query/Builder.php(2999): Illuminate\Database\Query\Processors\Processor-&gt;processInsertGetId()
#7 /projects/challenge/vendor/laravel/framework/src/Illuminate/Database/Eloquent/Builder.php(1655): Illuminate\Database\Query\Builder-&gt;insertGetId()
#8 /projects/challenge/vendor/laravel/framework/src/Illuminate/Database/Eloquent/Model.php(1188): Illuminate\Database\Eloquent\Builder-&gt;__call()
#9 /projects/challenge/vendor/laravel/framework/src/Illuminate/Database/Eloquent/Model.php(1153): Illuminate\Database\Eloquent\Model-&gt;insertAndSetId()
#10 /projects/challenge/vendor/laravel/framework/src/Illuminate/Database/Eloquent/Model.php(994): Illuminate\Database\Eloquent\Model-&gt;performInsert()
#11 /projects/challenge/vendor/laravel/framework/src/Illuminate/Database/Eloquent/Builder.php(894): Illuminate\Database\Eloquent\Model-&gt;save()
#12 /projects/challenge/vendor/laravel/framework/src/Illuminate/Support/helpers.php(263): Illuminate\Database\Eloquent\Builder-&gt;Illuminate\Database\Eloquent\{closure}()
#13 /projects/challenge/vendor/laravel/framework/src/Illuminate/Database/Eloquent/Builder.php(895): tap()
#14 /projects/challenge/vendor/laravel/framework/src/Illuminate/Support/Traits/ForwardsCalls.php(23): Illuminate\Database\Eloquent\Builder-&gt;create()
#15 /projects/challenge/vendor/laravel/framework/src/Illuminate/Database/Eloquent/Model.php(2132): Illuminate\Database\Eloquent\Model-&gt;forwardCallTo()
#16 /projects/challenge/vendor/laravel/framework/src/Illuminate/Database/Eloquent/Model.php(2144): Illuminate\Database\Eloquent\Model-&gt;__call()
#17 /projects/challenge/app/Http/Controllers/Api/ArticleController.php(21): Illuminate\Database\Eloquent\Model::__callStatic()
#18 /projects/challenge/vendor/laravel/framework/src/Illuminate/Routing/Controller.php(54): App\Http\Controllers\Api\ArticleController-&gt;create()
#19 /projects/challenge/vendor/laravel/framework/src/Illuminate/Routing/ControllerDispatcher.php(45): Illuminate\Routing\Controller-&gt;callAction()
#20 /projects/challenge/vendor/laravel/framework/src/Illuminate/Routing/Route.php(262): Illuminate\Routing\ControllerDispatcher-&gt;dispatch()
#21 /projects/challenge/vendor/laravel/framework/src/Illuminate/Routing/Route.php(205): Illuminate\Routing\Route-&gt;runController()
#22 /projects/challenge/vendor/laravel/framework/src/Illuminate/Routing/Router.php(695): Illuminate\Routing\Route-&gt;run()
#23 /projects/challenge/vendor/laravel/framework/src/Illuminate/Pipeline/Pipeline.php(128): Illuminate\Routing\Router-&gt;Illuminate\Routing\{closure}()
#24 /projects/challenge/vendor/laravel/framework/src/Illuminate/Routing/Middleware/SubstituteBindings.php(50): Illuminate\Pipeline\Pipeline-&gt;Illuminate\Pipeline\{closure}()
#25 /projects/challenge/vendor/laravel/framework/src/Illuminate/Pipeline/Pipeline.php(167): Illuminate\Routing\Middleware\SubstituteBindings-&gt;handle()
#26 /projects/challenge/vendor/laravel/framework/src/Illuminate/Routing/Middleware/ThrottleRequests.php(127): Illuminate\Pipeline\Pipeline-&gt;Illuminate\Pipeline\{closure}()
#27 /projects/challenge/vendor/laravel/framework/src/Illuminate/Routing/Middleware/ThrottleRequests.php(103): Illuminate\Routing\Middleware\ThrottleRequests-&gt;handleRequest()
#28 /projects/challenge/vendor/laravel/framework/src/Illuminate/Routing/Middleware/ThrottleRequests.php(55): Illuminate\Routing\Middleware\ThrottleRequests-&gt;handleRequestUsingNamedLimiter()
#29 /projects/challenge/vendor/laravel/framework/src/Illuminate/Pipeline/Pipeline.php(167): Illuminate\Routing\Middleware\ThrottleRequests-&gt;handle()
#30 /projects/challenge/vendor/laravel/framework/src/Illuminate/Pipeline/Pipeline.php(103): Illuminate\Pipeline\Pipeline-&gt;Illuminate\Pipeline\{closure}()
#31 /projects/challenge/vendor/laravel/framework/src/Illuminate/Routing/Router.php(697): Illuminate\Pipeline\Pipeline-&gt;then()
#32 /projects/challenge/vendor/laravel/framework/src/Illuminate/Routing/Router.php(672): Illuminate\Routing\Router-&gt;runRouteWithinStack()
#33 /projects/challenge/vendor/laravel/framework/src/Illuminate/Routing/Router.php(636): Illuminate\Routing\Router-&gt;runRoute()
#34 /projects/challenge/vendor/laravel/framework/src/Illuminate/Routing/Router.php(625): Illuminate\Routing\Router-&gt;dispatchToRoute()
#35 /projects/challenge/vendor/laravel/framework/src/Illuminate/Foundation/Http/Kernel.php(167): Illuminate\Routing\Router-&gt;dispatch()
#36 /projects/challenge/vendor/laravel/framework/src/Illuminate/Pipeline/Pipeline.php(128): Illuminate\Foundation\Http\Kernel-&gt;Illuminate\Foundation\Http\{closure}()
#37 /projects/challenge/vendor/laravel/framework/src/Illuminate/Foundation/Http/Middleware/TransformsRequest.php(21): Illuminate\Pipeline\Pipeline-&gt;Illuminate\Pipeline\{closure}()
#38 /projects/challenge/vendor/laravel/framework/src/Illuminate/Foundation/Http/Middleware/ConvertEmptyStringsToNull.php(31): Illuminate\Foundation\Http\Middleware\TransformsRequest-&gt;handle()
#39 /projects/challenge/vendor/laravel/framework/src/Illuminate/Pipeline/Pipeline.php(167): Illuminate\Foundation\Http\Middleware\ConvertEmptyStringsToNull-&gt;handle()
#40 /projects/challenge/vendor/laravel/framework/src/Illuminate/Foundation/Http/Middleware/TransformsRequest.php(21): Illuminate\Pipeline\Pipeline-&gt;Illuminate\Pipeline\{closure}()
#41 /projects/challenge/vendor/laravel/framework/src/Illuminate/Foundation/Http/Middleware/TrimStrings.php(40): Illuminate\Foundation\Http\Middleware\TransformsRequest-&gt;handle()
#42 /projects/challenge/vendor/laravel/framework/src/Illuminate/Pipeline/Pipeline.php(167): Illuminate\Foundation\Http\Middleware\TrimStrings-&gt;handle()
#43 /projects/challenge/vendor/laravel/framework/src/Illuminate/Foundation/Http/Middleware/ValidatePostSize.php(27): Illuminate\Pipeline\Pipeline-&gt;Illuminate\Pipeline\{closure}()
#44 /projects/challenge/vendor/laravel/framework/src/Illuminate/Pipeline/Pipeline.php(167): Illuminate\Foundation\Http\Middleware\ValidatePostSize-&gt;handle()
#45 /projects/challenge/vendor/laravel/framework/src/Illuminate/Foundation/Http/Middleware/PreventRequestsDuringMaintenance.php(86): Illuminate\Pipeline\Pipeline-&gt;Illuminate\Pipeline\{closure}()
#46 /projects/challenge/vendor/laravel/framework/src/Illuminate/Pipeline/Pipeline.php(167): Illuminate\Foundation\Http\Middleware\PreventRequestsDuringMaintenance-&gt;handle()
#47 /projects/challenge/vendor/fruitcake/laravel-cors/src/HandleCors.php(52): Illuminate\Pipeline\Pipeline-&gt;Illuminate\Pipeline\{closure}()
#48 /projects/challenge/vendor/laravel/framework/src/Illuminate/Pipeline/Pipeline.php(167): Fruitcake\Cors\HandleCors-&gt;handle()
#49 /projects/challenge/vendor/laravel/framework/src/Illuminate/Http/Middleware/TrustProxies.php(39): Illuminate\Pipeline\Pipeline-&gt;Illuminate\Pipeline\{closure}()
#50 /projects/challenge/vendor/laravel/framework/src/Illuminate/Pipeline/Pipeline.php(167): Illuminate\Http\Middleware\TrustProxies-&gt;handle()
#51 /projects/challenge/vendor/laravel/framework/src/Illuminate/Pipeline/Pipeline.php(103): Illuminate\Pipeline\Pipeline-&gt;Illuminate\Pipeline\{closure}()
#52 /projects/challenge/vendor/laravel/framework/src/Illuminate/Foundation/Http/Kernel.php(142): Illuminate\Pipeline\Pipeline-&gt;then()
#53 /projects/challenge/vendor/laravel/framework/src/Illuminate/Foundation/Http/Kernel.php(111): Illuminate\Foundation\Http\Kernel-&gt;sendRequestThroughRouter()
#54 /projects/challenge/vendor/laravel/framework/src/Illuminate/Foundation/Testing/Concerns/MakesHttpRequests.php(510): Illuminate\Foundation\Http\Kernel-&gt;handle()
#55 /projects/challenge/vendor/laravel/framework/src/Illuminate/Foundation/Testing/Concerns/MakesHttpRequests.php(476): Illuminate\Foundation\Testing\TestCase-&gt;call()
#56 /projects/challenge/vendor/laravel/framework/src/Illuminate/Foundation/Testing/Concerns/MakesHttpRequests.php(335): Illuminate\Foundation\Testing\TestCase-&gt;json()
#57 /projects/challenge/tests/Unit/ArticleTest.php(80): Illuminate\Foundation\Testing\TestCase-&gt;postJson()
#58 /projects/challenge/vendor/phpunit/phpunit/src/Framework/TestCase.php(1545): Tests\Unit\ArticleTest-&gt;test_article_post_publish_at_empty()
#59 /projects/challenge/vendor/phpunit/phpunit/src/Framework/TestCase.php(1151): PHPUnit\Framework\TestCase-&gt;runTest()
#60 /projects/challenge/vendor/phpunit/phpunit/src/Framework/TestResult.php(726): PHPUnit\Framework\TestCase-&gt;runBare()
#61 /projects/challenge/vendor/phpunit/phpunit/src/Framework/TestCase.php(903): PHPUnit\Framework\TestResult-&gt;run()
#62 /projects/challenge/vendor/phpunit/phpunit/src/Framework/TestSuite.php(678): PHPUnit\Framework\TestCase-&gt;run()
#63 /projects/challenge/vendor/phpunit/phpunit/src/Framework/TestSuite.php(678): PHPUnit\Framework\TestSuite-&gt;run()
#64 /projects/challenge/vendor/phpunit/phpunit/src/TextUI/TestRunner.php(670): PHPUnit\Framework\TestSuite-&gt;run()
#65 /projects/challenge/vendor/phpunit/phpunit/src/TextUI/Command.php(143): PHPUnit\TextUI\TestRunner-&gt;run()
#66 /projects/challenge/vendor/phpunit/phpunit/src/TextUI/Command.php(96): PHPUnit\TextUI\Command-&gt;run()
#67 /projects/challenge/vendor/phpunit/phpunit/phpunit(98): PHPUnit\TextUI\Command::main()
#68 {main}

Next Illuminate\Database\QueryException: SQLSTATE[23000]: Integrity constraint violation: 19 NOT NULL constraint failed: article.published_at (SQL: insert into "article" ("title", "content", "author", "category", "updated_at", "created_at") values (New photography exhibition, In a new exhibition at the Royal Botanic Garden Edinburgh, famous photographer explores the astonishing diversity of nature., Oscar Davies, Nature, 2022-04-14 09:15:37, 2022-04-14 09:15:37)) in /projects/challenge/vendor/laravel/framework/src/Illuminate/Database/Connection.php:712
Stack trace:
#0 /projects/challenge/vendor/laravel/framework/src/Illuminate/Database/Connection.php(672): Illuminate\Database\Connection-&gt;runQueryCallback()
#1 /projects/challenge/vendor/laravel/framework/src/Illuminate/Database/Connection.php(502): Illuminate\Database\Connection-&gt;run()
#2 /projects/challenge/vendor/laravel/framework/src/Illuminate/Database/Connection.php(454): Illuminate\Database\Connection-&gt;statement()
#3 /projects/challenge/vendor/laravel/framework/src/Illuminate/Database/Query/Processors/Processor.php(32): Illuminate\Database\Connection-&gt;insert()
#4 /projects/challenge/vendor/laravel/framework/src/Illuminate/Database/Query/Builder.php(2999): Illuminate\Database\Query\Processors\Processor-&gt;processInsertGetId()
#5 /projects/challenge/vendor/laravel/framework/src/Illuminate/Database/Eloquent/Builder.php(1655): Illuminate\Database\Query\Builder-&gt;insertGetId()
#6 /projects/challenge/vendor/laravel/framework/src/Illuminate/Database/Eloquent/Model.php(1188): Illuminate\Database\Eloquent\Builder-&gt;__call()
#7 /projects/challenge/vendor/laravel/framework/src/Illuminate/Database/Eloquent/Model.php(1153): Illuminate\Database\Eloquent\Model-&gt;insertAndSetId()
#8 /projects/challenge/vendor/laravel/framework/src/Illuminate/Database/Eloquent/Model.php(994): Illuminate\Database\Eloquent\Model-&gt;performInsert()
#9 /projects/challenge/vendor/laravel/framework/src/Illuminate/Database/Eloquent/Builder.php(894): Illuminate\Database\Eloquent\Model-&gt;save()
#10 /projects/challenge/vendor/laravel/framework/src/Illuminate/Support/helpers.php(263): Illuminate\Database\Eloquent\Builder-&gt;Illuminate\Database\Eloquent\{closure}()
#11 /projects/challenge/vendor/laravel/framework/src/Illuminate/Database/Eloquent/Builder.php(895): tap()
#12 /projects/challenge/vendor/laravel/framework/src/Illuminate/Support/Traits/ForwardsCalls.php(23): Illuminate\Database\Eloquent\Builder-&gt;create()
#13 /projects/challenge/vendor/laravel/framework/src/Illuminate/Database/Eloquent/Model.php(2132): Illuminate\Database\Eloquent\Model-&gt;forwardCallTo()
#14 /projects/challenge/vendor/laravel/framework/src/Illuminate/Database/Eloquent/Model.php(2144): Illuminate\Database\Eloquent\Model-&gt;__call()
#15 /projects/challenge/app/Http/Controllers/Api/ArticleController.php(21): Illuminate\Database\Eloquent\Model::__callStatic()
#16 /projects/challenge/vendor/laravel/framework/src/Illuminate/Routing/Controller.php(54): App\Http\Controllers\Api\ArticleController-&gt;create()
#17 /projects/challenge/vendor/laravel/framework/src/Illuminate/Routing/ControllerDispatcher.php(45): Illuminate\Routing\Controller-&gt;callAction()
#18 /projects/challenge/vendor/laravel/framework/src/Illuminate/Routing/Route.php(262): Illuminate\Routing\ControllerDispatcher-&gt;dispatch()
#19 /projects/challenge/vendor/laravel/framework/src/Illuminate/Routing/Route.php(205): Illuminate\Routing\Route-&gt;runController()
#20 /projects/challenge/vendor/laravel/framework/src/Illuminate/Routing/Router.php(695): Illuminate\Routing\Route-&gt;run()
#21 /projects/challenge/vendor/laravel/framework/src/Illuminate/Pipeline/Pipeline.php(128): Illuminate\Routing\Router-&gt;Illuminate\Routing\{closure}()
#22 /projects/challenge/vendor/laravel/framework/src/Illuminate/Routing/Middleware/SubstituteBindings.php(50): Illuminate\Pipeline\Pipeline-&gt;Illuminate\Pipeline\{closure}()
#23 /projects/challenge/vendor/laravel/framework/src/Illuminate/Pipeline/Pipeline.php(167): Illuminate\Routing\Middleware\SubstituteBindings-&gt;handle()
#24 /projects/challenge/vendor/laravel/framework/src/Illuminate/Routing/Middleware/ThrottleRequests.php(127): Illuminate\Pipeline\Pipeline-&gt;Illuminate\Pipeline\{closure}()
#25 /projects/challenge/vendor/laravel/framework/src/Illuminate/Routing/Middleware/ThrottleRequests.php(103): Illuminate\Routing\Middleware\ThrottleRequests-&gt;handleRequest()
#26 /projects/challenge/vendor/laravel/framework/src/Illuminate/Routing/Middleware/ThrottleRequests.php(55): Illuminate\Routing\Middleware\ThrottleRequests-&gt;handleRequestUsingNamedLimiter()
#27 /projects/challenge/vendor/laravel/framework/src/Illuminate/Pipeline/Pipeline.php(167): Illuminate\Routing\Middleware\ThrottleRequests-&gt;handle()
#28 /projects/challenge/vendor/laravel/framework/src/Illuminate/Pipeline/Pipeline.php(103): Illuminate\Pipeline\Pipeline-&gt;Illuminate\Pipeline\{closure}()
#29 /projects/challenge/vendor/laravel/framework/src/Illuminate/Routing/Router.php(697): Illuminate\Pipeline\Pipeline-&gt;then()
#30 /projects/challenge/vendor/laravel/framework/src/Illuminate/Routing/Router.php(672): Illuminate\Routing\Router-&gt;runRouteWithinStack()
#31 /projects/challenge/vendor/laravel/framework/src/Illuminate/Routing/Router.php(636): Illuminate\Routing\Router-&gt;runRoute()
#32 /projects/challenge/vendor/laravel/framework/src/Illuminate/Routing/Router.php(625): Illuminate\Routing\Router-&gt;dispatchToRoute()
#33 /projects/challenge/vendor/laravel/framework/src/Illuminate/Foundation/Http/Kernel.php(167): Illuminate\Routing\Router-&gt;dispatch()
#34 /projects/challenge/vendor/laravel/framework/src/Illuminate/Pipeline/Pipeline.php(128): Illuminate\Foundation\Http\Kernel-&gt;Illuminate\Foundation\Http\{closure}()
#35 /projects/challenge/vendor/laravel/framework/src/Illuminate/Foundation/Http/Middleware/TransformsRequest.php(21): Illuminate\Pipeline\Pipeline-&gt;Illuminate\Pipeline\{closure}()
#36 /projects/challenge/vendor/laravel/framework/src/Illuminate/Foundation/Http/Middleware/ConvertEmptyStringsToNull.php(31): Illuminate\Foundation\Http\Middleware\TransformsRequest-&gt;handle()
#37 /projects/challenge/vendor/laravel/framework/src/Illuminate/Pipeline/Pipeline.php(167): Illuminate\Foundation\Http\Middleware\ConvertEmptyStringsToNull-&gt;handle()
#38 /projects/challenge/vendor/laravel/framework/src/Illuminate/Foundation/Http/Middleware/TransformsRequest.php(21): Illuminate\Pipeline\Pipeline-&gt;Illuminate\Pipeline\{closure}()
#39 /projects/challenge/vendor/laravel/framework/src/Illuminate/Foundation/Http/Middleware/TrimStrings.php(40): Illuminate\Foundation\Http\Middleware\TransformsRequest-&gt;handle()
#40 /projects/challenge/vendor/laravel/framework/src/Illuminate/Pipeline/Pipeline.php(167): Illuminate\Foundation\Http\Middleware\TrimStrings-&gt;handle()
#41 /projects/challenge/vendor/laravel/framework/src/Illuminate/Foundation/Http/Middleware/ValidatePostSize.php(27): Illuminate\Pipeline\Pipeline-&gt;Illuminate\Pipeline\{closure}()
#42 /projects/challenge/vendor/laravel/framework/src/Illuminate/Pipeline/Pipeline.php(167): Illuminate\Foundation\Http\Middleware\ValidatePostSize-&gt;handle()
#43 /projects/challenge/vendor/laravel/framework/src/Illuminate/Foundation/Http/Middleware/PreventRequestsDuringMaintenance.php(86): Illuminate\Pipeline\Pipeline-&gt;Illuminate\Pipeline\{closure}()
#44 /projects/challenge/vendor/laravel/framework/src/Illuminate/Pipeline/Pipeline.php(167): Illuminate\Foundation\Http\Middleware\PreventRequestsDuringMaintenance-&gt;handle()
#45 /projects/challenge/vendor/fruitcake/laravel-cors/src/HandleCors.php(52): Illuminate\Pipeline\Pipeline-&gt;Illuminate\Pipeline\{closure}()
#46 /projects/challenge/vendor/laravel/framework/src/Illuminate/Pipeline/Pipeline.php(167): Fruitcake\Cors\HandleCors-&gt;handle()
#47 /projects/challenge/vendor/laravel/framework/src/Illuminate/Http/Middleware/TrustProxies.php(39): Illuminate\Pipeline\Pipeline-&gt;Illuminate\Pipeline\{closure}()
#48 /projects/challenge/vendor/laravel/framework/src/Illuminate/Pipeline/Pipeline.php(167): Illuminate\Http\Middleware\TrustProxies-&gt;handle()
#49 /projects/challenge/vendor/laravel/framework/src/Illuminate/Pipeline/Pipeline.php(103): Illuminate\Pipeline\Pipeline-&gt;Illuminate\Pipeline\{closure}()
#50 /projects/challenge/vendor/laravel/framework/src/Illuminate/Foundation/Http/Kernel.php(142): Illuminate\Pipeline\Pipeline-&gt;then()
#51 /projects/challenge/vendor/laravel/framework/src/Illuminate/Foundation/Http/Kernel.php(111): Illuminate\Foundation\Http\Kernel-&gt;sendRequestThroughRouter()
#52 /projects/challenge/vendor/laravel/framework/src/Illuminate/Foundation/Testing/Concerns/MakesHttpRequests.php(510): Illuminate\Foundation\Http\Kernel-&gt;handle()
#53 /projects/challenge/vendor/laravel/framework/src/Illuminate/Foundation/Testing/Concerns/MakesHttpRequests.php(476): Illuminate\Foundation\Testing\TestCase-&gt;call()
#54 /projects/challenge/vendor/laravel/framework/src/Illuminate/Foundation/Testing/Concerns/MakesHttpRequests.php(335): Illuminate\Foundation\Testing\TestCase-&gt;json()
#55 /projects/challenge/tests/Unit/ArticleTest.php(80): Illuminate\Foundation\Testing\TestCase-&gt;postJson()
#56 /projects/challenge/vendor/phpunit/phpunit/src/Framework/TestCase.php(1545): Tests\Unit\ArticleTest-&gt;test_article_post_publish_at_empty()
#57 /projects/challenge/vendor/phpunit/phpunit/src/Framework/TestCase.php(1151): PHPUnit\Framework\TestCase-&gt;runTest()
#58 /projects/challenge/vendor/phpunit/phpunit/src/Framework/TestResult.php(726): PHPUnit\Framework\TestCase-&gt;runBare()
#59 /projects/challenge/vendor/phpunit/phpunit/src/Framework/TestCase.php(903): PHPUnit\Framework\TestResult-&gt;run()
#60 /projects/challenge/vendor/phpunit/phpunit/src/Framework/TestSuite.php(678): PHPUnit\Framework\TestCase-&gt;run()
#61 /projects/challenge/vendor/phpunit/phpunit/src/Framework/TestSuite.php(678): PHPUnit\Framework\TestSuite-&gt;run()
#62 /projects/challenge/vendor/phpunit/phpunit/src/TextUI/TestRunner.php(670): PHPUnit\Framework\TestSuite-&gt;run()
#63 /projects/challenge/vendor/phpunit/phpunit/src/TextUI/Command.php(143): PHPUnit\TextUI\TestRunner-&gt;run()
#64 /projects/challenge/vendor/phpunit/phpunit/src/TextUI/Command.php(96): PHPUnit\TextUI\Command-&gt;run()
#65 /projects/challenge/vendor/phpunit/phpunit/phpunit(98): PHPUnit\TextUI\Command::main()
#66 {main}
Failed asserting that 400 is identical to 500.

/projects/challenge/vendor/laravel/framework/src/Illuminate/Testing/TestResponse.php:177
/projects/challenge/tests/Unit/ArticleTest.php:82</failure>
      </testcase>
      <testcase name="test_article_get_by_id_not_found" class="Tests\Unit\ArticleTest" classname="Tests.Unit.ArticleTest" file="/projects/challenge/tests/Unit/ArticleTest.php" line="87" assertions="1" time="0.024005">
        <failure type="PHPUnit\Framework\ExpectationFailedException">Tests\Unit\ArticleTest::test_article_get_by_id_not_found
Expected response status code [404] but received 200.
Failed asserting that 404 is identical to 200.

/projects/challenge/vendor/laravel/framework/src/Illuminate/Testing/TestResponse.php:177
/projects/challenge/tests/Unit/ArticleTest.php:89</failure>
      </testcase>
      <testcase name="test_article_update_by_id_not_found" class="Tests\Unit\ArticleTest" classname="Tests.Unit.ArticleTest" file="/projects/challenge/tests/Unit/ArticleTest.php" line="94" assertions="1" time="0.027796">
        <failure type="PHPUnit\Framework\ExpectationFailedException">Tests\Unit\ArticleTest::test_article_update_by_id_not_found
Expected response status code [404] but received 500.

The following exception occurred during the request:

Error: Call to a member function update() on string in /projects/challenge/app/Http/Controllers/Api/ArticleController.php:50
Stack trace:
#0 /projects/challenge/vendor/laravel/framework/src/Illuminate/Routing/Controller.php(54): App\Http\Controllers\Api\ArticleController-&gt;update()
#1 /projects/challenge/vendor/laravel/framework/src/Illuminate/Routing/ControllerDispatcher.php(45): Illuminate\Routing\Controller-&gt;callAction()
#2 /projects/challenge/vendor/laravel/framework/src/Illuminate/Routing/Route.php(262): Illuminate\Routing\ControllerDispatcher-&gt;dispatch()
#3 /projects/challenge/vendor/laravel/framework/src/Illuminate/Routing/Route.php(205): Illuminate\Routing\Route-&gt;runController()
#4 /projects/challenge/vendor/laravel/framework/src/Illuminate/Routing/Router.php(695): Illuminate\Routing\Route-&gt;run()
#5 /projects/challenge/vendor/laravel/framework/src/Illuminate/Pipeline/Pipeline.php(128): Illuminate\Routing\Router-&gt;Illuminate\Routing\{closure}()
#6 /projects/challenge/vendor/laravel/framework/src/Illuminate/Routing/Middleware/SubstituteBindings.php(50): Illuminate\Pipeline\Pipeline-&gt;Illuminate\Pipeline\{closure}()
#7 /projects/challenge/vendor/laravel/framework/src/Illuminate/Pipeline/Pipeline.php(167): Illuminate\Routing\Middleware\SubstituteBindings-&gt;handle()
#8 /projects/challenge/vendor/laravel/framework/src/Illuminate/Routing/Middleware/ThrottleRequests.php(127): Illuminate\Pipeline\Pipeline-&gt;Illuminate\Pipeline\{closure}()
#9 /projects/challenge/vendor/laravel/framework/src/Illuminate/Routing/Middleware/ThrottleRequests.php(103): Illuminate\Routing\Middleware\ThrottleRequests-&gt;handleRequest()
#10 /projects/challenge/vendor/laravel/framework/src/Illuminate/Routing/Middleware/ThrottleRequests.php(55): Illuminate\Routing\Middleware\ThrottleRequests-&gt;handleRequestUsingNamedLimiter()
#11 /projects/challenge/vendor/laravel/framework/src/Illuminate/Pipeline/Pipeline.php(167): Illuminate\Routing\Middleware\ThrottleRequests-&gt;handle()
#12 /projects/challenge/vendor/laravel/framework/src/Illuminate/Pipeline/Pipeline.php(103): Illuminate\Pipeline\Pipeline-&gt;Illuminate\Pipeline\{closure}()
#13 /projects/challenge/vendor/laravel/framework/src/Illuminate/Routing/Router.php(697): Illuminate\Pipeline\Pipeline-&gt;then()
#14 /projects/challenge/vendor/laravel/framework/src/Illuminate/Routing/Router.php(672): Illuminate\Routing\Router-&gt;runRouteWithinStack()
#15 /projects/challenge/vendor/laravel/framework/src/Illuminate/Routing/Router.php(636): Illuminate\Routing\Router-&gt;runRoute()
#16 /projects/challenge/vendor/laravel/framework/src/Illuminate/Routing/Router.php(625): Illuminate\Routing\Router-&gt;dispatchToRoute()
#17 /projects/challenge/vendor/laravel/framework/src/Illuminate/Foundation/Http/Kernel.php(167): Illuminate\Routing\Router-&gt;dispatch()
#18 /projects/challenge/vendor/laravel/framework/src/Illuminate/Pipeline/Pipeline.php(128): Illuminate\Foundation\Http\Kernel-&gt;Illuminate\Foundation\Http\{closure}()
#19 /projects/challenge/vendor/laravel/framework/src/Illuminate/Foundation/Http/Middleware/TransformsRequest.php(21): Illuminate\Pipeline\Pipeline-&gt;Illuminate\Pipeline\{closure}()
#20 /projects/challenge/vendor/laravel/framework/src/Illuminate/Foundation/Http/Middleware/ConvertEmptyStringsToNull.php(31): Illuminate\Foundation\Http\Middleware\TransformsRequest-&gt;handle()
#21 /projects/challenge/vendor/laravel/framework/src/Illuminate/Pipeline/Pipeline.php(167): Illuminate\Foundation\Http\Middleware\ConvertEmptyStringsToNull-&gt;handle()
#22 /projects/challenge/vendor/laravel/framework/src/Illuminate/Foundation/Http/Middleware/TransformsRequest.php(21): Illuminate\Pipeline\Pipeline-&gt;Illuminate\Pipeline\{closure}()
#23 /projects/challenge/vendor/laravel/framework/src/Illuminate/Foundation/Http/Middleware/TrimStrings.php(40): Illuminate\Foundation\Http\Middleware\TransformsRequest-&gt;handle()
#24 /projects/challenge/vendor/laravel/framework/src/Illuminate/Pipeline/Pipeline.php(167): Illuminate\Foundation\Http\Middleware\TrimStrings-&gt;handle()
#25 /projects/challenge/vendor/laravel/framework/src/Illuminate/Foundation/Http/Middleware/ValidatePostSize.php(27): Illuminate\Pipeline\Pipeline-&gt;Illuminate\Pipeline\{closure}()
#26 /projects/challenge/vendor/laravel/framework/src/Illuminate/Pipeline/Pipeline.php(167): Illuminate\Foundation\Http\Middleware\ValidatePostSize-&gt;handle()
#27 /projects/challenge/vendor/laravel/framework/src/Illuminate/Foundation/Http/Middleware/PreventRequestsDuringMaintenance.php(86): Illuminate\Pipeline\Pipeline-&gt;Illuminate\Pipeline\{closure}()
#28 /projects/challenge/vendor/laravel/framework/src/Illuminate/Pipeline/Pipeline.php(167): Illuminate\Foundation\Http\Middleware\PreventRequestsDuringMaintenance-&gt;handle()
#29 /projects/challenge/vendor/fruitcake/laravel-cors/src/HandleCors.php(52): Illuminate\Pipeline\Pipeline-&gt;Illuminate\Pipeline\{closure}()
#30 /projects/challenge/vendor/laravel/framework/src/Illuminate/Pipeline/Pipeline.php(167): Fruitcake\Cors\HandleCors-&gt;handle()
#31 /projects/challenge/vendor/laravel/framework/src/Illuminate/Http/Middleware/TrustProxies.php(39): Illuminate\Pipeline\Pipeline-&gt;Illuminate\Pipeline\{closure}()
#32 /projects/challenge/vendor/laravel/framework/src/Illuminate/Pipeline/Pipeline.php(167): Illuminate\Http\Middleware\TrustProxies-&gt;handle()
#33 /projects/challenge/vendor/laravel/framework/src/Illuminate/Pipeline/Pipeline.php(103): Illuminate\Pipeline\Pipeline-&gt;Illuminate\Pipeline\{closure}()
#34 /projects/challenge/vendor/laravel/framework/src/Illuminate/Foundation/Http/Kernel.php(142): Illuminate\Pipeline\Pipeline-&gt;then()
#35 /projects/challenge/vendor/laravel/framework/src/Illuminate/Foundation/Http/Kernel.php(111): Illuminate\Foundation\Http\Kernel-&gt;sendRequestThroughRouter()
#36 /projects/challenge/vendor/laravel/framework/src/Illuminate/Foundation/Testing/Concerns/MakesHttpRequests.php(510): Illuminate\Foundation\Http\Kernel-&gt;handle()
#37 /projects/challenge/vendor/laravel/framework/src/Illuminate/Foundation/Testing/Concerns/MakesHttpRequests.php(476): Illuminate\Foundation\Testing\TestCase-&gt;call()
#38 /projects/challenge/vendor/laravel/framework/src/Illuminate/Foundation/Testing/Concerns/MakesHttpRequests.php(364): Illuminate\Foundation\Testing\TestCase-&gt;json()
#39 /projects/challenge/tests/Unit/ArticleTest.php(98): Illuminate\Foundation\Testing\TestCase-&gt;putJson()
#40 /projects/challenge/vendor/phpunit/phpunit/src/Framework/TestCase.php(1545): Tests\Unit\ArticleTest-&gt;test_article_update_by_id_not_found()
#41 /projects/challenge/vendor/phpunit/phpunit/src/Framework/TestCase.php(1151): PHPUnit\Framework\TestCase-&gt;runTest()
#42 /projects/challenge/vendor/phpunit/phpunit/src/Framework/TestResult.php(726): PHPUnit\Framework\TestCase-&gt;runBare()
#43 /projects/challenge/vendor/phpunit/phpunit/src/Framework/TestCase.php(903): PHPUnit\Framework\TestResult-&gt;run()
#44 /projects/challenge/vendor/phpunit/phpunit/src/Framework/TestSuite.php(678): PHPUnit\Framework\TestCase-&gt;run()
#45 /projects/challenge/vendor/phpunit/phpunit/src/Framework/TestSuite.php(678): PHPUnit\Framework\TestSuite-&gt;run()
#46 /projects/challenge/vendor/phpunit/phpunit/src/TextUI/TestRunner.php(670): PHPUnit\Framework\TestSuite-&gt;run()
#47 /projects/challenge/vendor/phpunit/phpunit/src/TextUI/Command.php(143): PHPUnit\TextUI\TestRunner-&gt;run()
#48 /projects/challenge/vendor/phpunit/phpunit/src/TextUI/Command.php(96): PHPUnit\TextUI\Command-&gt;run()
#49 /projects/challenge/vendor/phpunit/phpunit/phpunit(98): PHPUnit\TextUI\Command::main()
#50 {main}
Failed asserting that 404 is identical to 500.

/projects/challenge/vendor/laravel/framework/src/Illuminate/Testing/TestResponse.php:177
/projects/challenge/tests/Unit/ArticleTest.php:99</failure>
      </testcase>
      <testcase name="test_article_update_content_empty" class="Tests\Unit\ArticleTest" classname="Tests.Unit.ArticleTest" file="/projects/challenge/tests/Unit/ArticleTest.php" line="104" assertions="0" time="0.027263">
        <error type="ErrorException">Tests\Unit\ArticleTest::test_article_update_content_empty
ErrorException: Trying to get property 'id' of non-object

/projects/challenge/tests/Unit/ArticleTest.php:110</error>
      </testcase>
      <testcase name="test_article_update_author_empty" class="Tests\Unit\ArticleTest" classname="Tests.Unit.ArticleTest" file="/projects/challenge/tests/Unit/ArticleTest.php" line="117" assertions="0" time="0.030480">
        <error type="ErrorException">Tests\Unit\ArticleTest::test_article_update_author_empty
ErrorException: Trying to get property 'id' of non-object

/projects/challenge/tests/Unit/ArticleTest.php:123</error>
      </testcase>
      <testcase name="test_article_update_publish_at_empty" class="Tests\Unit\ArticleTest" classname="Tests.Unit.ArticleTest" file="/projects/challenge/tests/Unit/ArticleTest.php" line="128" assertions="0" time="0.031257">
        <error type="ErrorException">Tests\Unit\ArticleTest::test_article_update_publish_at_empty
ErrorException: Trying to get property 'id' of non-object

/projects/challenge/tests/Unit/ArticleTest.php:134</error>
      </testcase>
      <testcase name="test_article_delete_not_found" class="Tests\Unit\ArticleTest" classname="Tests.Unit.ArticleTest" file="/projects/challenge/tests/Unit/ArticleTest.php" line="139" assertions="1" time="0.033016">
        <failure type="PHPUnit\Framework\ExpectationFailedException">Tests\Unit\ArticleTest::test_article_delete_not_found
Expected response status code [404] but received 500.

The following exception occurred during the request:

Error: Call to a member function delete() on string in /projects/challenge/app/Http/Controllers/Api/ArticleController.php:60
Stack trace:
#0 /projects/challenge/vendor/laravel/framework/src/Illuminate/Routing/Controller.php(54): App\Http\Controllers\Api\ArticleController-&gt;delete()
#1 /projects/challenge/vendor/laravel/framework/src/Illuminate/Routing/ControllerDispatcher.php(45): Illuminate\Routing\Controller-&gt;callAction()
#2 /projects/challenge/vendor/laravel/framework/src/Illuminate/Routing/Route.php(262): Illuminate\Routing\ControllerDispatcher-&gt;dispatch()
#3 /projects/challenge/vendor/laravel/framework/src/Illuminate/Routing/Route.php(205): Illuminate\Routing\Route-&gt;runController()
#4 /projects/challenge/vendor/laravel/framework/src/Illuminate/Routing/Router.php(695): Illuminate\Routing\Route-&gt;run()
#5 /projects/challenge/vendor/laravel/framework/src/Illuminate/Pipeline/Pipeline.php(128): Illuminate\Routing\Router-&gt;Illuminate\Routing\{closure}()
#6 /projects/challenge/vendor/laravel/framework/src/Illuminate/Routing/Middleware/SubstituteBindings.php(50): Illuminate\Pipeline\Pipeline-&gt;Illuminate\Pipeline\{closure}()
#7 /projects/challenge/vendor/laravel/framework/src/Illuminate/Pipeline/Pipeline.php(167): Illuminate\Routing\Middleware\SubstituteBindings-&gt;handle()
#8 /projects/challenge/vendor/laravel/framework/src/Illuminate/Routing/Middleware/ThrottleRequests.php(127): Illuminate\Pipeline\Pipeline-&gt;Illuminate\Pipeline\{closure}()
#9 /projects/challenge/vendor/laravel/framework/src/Illuminate/Routing/Middleware/ThrottleRequests.php(103): Illuminate\Routing\Middleware\ThrottleRequests-&gt;handleRequest()
#10 /projects/challenge/vendor/laravel/framework/src/Illuminate/Routing/Middleware/ThrottleRequests.php(55): Illuminate\Routing\Middleware\ThrottleRequests-&gt;handleRequestUsingNamedLimiter()
#11 /projects/challenge/vendor/laravel/framework/src/Illuminate/Pipeline/Pipeline.php(167): Illuminate\Routing\Middleware\ThrottleRequests-&gt;handle()
#12 /projects/challenge/vendor/laravel/framework/src/Illuminate/Pipeline/Pipeline.php(103): Illuminate\Pipeline\Pipeline-&gt;Illuminate\Pipeline\{closure}()
#13 /projects/challenge/vendor/laravel/framework/src/Illuminate/Routing/Router.php(697): Illuminate\Pipeline\Pipeline-&gt;then()
#14 /projects/challenge/vendor/laravel/framework/src/Illuminate/Routing/Router.php(672): Illuminate\Routing\Router-&gt;runRouteWithinStack()
#15 /projects/challenge/vendor/laravel/framework/src/Illuminate/Routing/Router.php(636): Illuminate\Routing\Router-&gt;runRoute()
#16 /projects/challenge/vendor/laravel/framework/src/Illuminate/Routing/Router.php(625): Illuminate\Routing\Router-&gt;dispatchToRoute()
#17 /projects/challenge/vendor/laravel/framework/src/Illuminate/Foundation/Http/Kernel.php(167): Illuminate\Routing\Router-&gt;dispatch()
#18 /projects/challenge/vendor/laravel/framework/src/Illuminate/Pipeline/Pipeline.php(128): Illuminate\Foundation\Http\Kernel-&gt;Illuminate\Foundation\Http\{closure}()
#19 /projects/challenge/vendor/laravel/framework/src/Illuminate/Foundation/Http/Middleware/TransformsRequest.php(21): Illuminate\Pipeline\Pipeline-&gt;Illuminate\Pipeline\{closure}()
#20 /projects/challenge/vendor/laravel/framework/src/Illuminate/Foundation/Http/Middleware/ConvertEmptyStringsToNull.php(31): Illuminate\Foundation\Http\Middleware\TransformsRequest-&gt;handle()
#21 /projects/challenge/vendor/laravel/framework/src/Illuminate/Pipeline/Pipeline.php(167): Illuminate\Foundation\Http\Middleware\ConvertEmptyStringsToNull-&gt;handle()
#22 /projects/challenge/vendor/laravel/framework/src/Illuminate/Foundation/Http/Middleware/TransformsRequest.php(21): Illuminate\Pipeline\Pipeline-&gt;Illuminate\Pipeline\{closure}()
#23 /projects/challenge/vendor/laravel/framework/src/Illuminate/Foundation/Http/Middleware/TrimStrings.php(40): Illuminate\Foundation\Http\Middleware\TransformsRequest-&gt;handle()
#24 /projects/challenge/vendor/laravel/framework/src/Illuminate/Pipeline/Pipeline.php(167): Illuminate\Foundation\Http\Middleware\TrimStrings-&gt;handle()
#25 /projects/challenge/vendor/laravel/framework/src/Illuminate/Foundation/Http/Middleware/ValidatePostSize.php(27): Illuminate\Pipeline\Pipeline-&gt;Illuminate\Pipeline\{closure}()
#26 /projects/challenge/vendor/laravel/framework/src/Illuminate/Pipeline/Pipeline.php(167): Illuminate\Foundation\Http\Middleware\ValidatePostSize-&gt;handle()
#27 /projects/challenge/vendor/laravel/framework/src/Illuminate/Foundation/Http/Middleware/PreventRequestsDuringMaintenance.php(86): Illuminate\Pipeline\Pipeline-&gt;Illuminate\Pipeline\{closure}()
#28 /projects/challenge/vendor/laravel/framework/src/Illuminate/Pipeline/Pipeline.php(167): Illuminate\Foundation\Http\Middleware\PreventRequestsDuringMaintenance-&gt;handle()
#29 /projects/challenge/vendor/fruitcake/laravel-cors/src/HandleCors.php(52): Illuminate\Pipeline\Pipeline-&gt;Illuminate\Pipeline\{closure}()
#30 /projects/challenge/vendor/laravel/framework/src/Illuminate/Pipeline/Pipeline.php(167): Fruitcake\Cors\HandleCors-&gt;handle()
#31 /projects/challenge/vendor/laravel/framework/src/Illuminate/Http/Middleware/TrustProxies.php(39): Illuminate\Pipeline\Pipeline-&gt;Illuminate\Pipeline\{closure}()
#32 /projects/challenge/vendor/laravel/framework/src/Illuminate/Pipeline/Pipeline.php(167): Illuminate\Http\Middleware\TrustProxies-&gt;handle()
#33 /projects/challenge/vendor/laravel/framework/src/Illuminate/Pipeline/Pipeline.php(103): Illuminate\Pipeline\Pipeline-&gt;Illuminate\Pipeline\{closure}()
#34 /projects/challenge/vendor/laravel/framework/src/Illuminate/Foundation/Http/Kernel.php(142): Illuminate\Pipeline\Pipeline-&gt;then()
#35 /projects/challenge/vendor/laravel/framework/src/Illuminate/Foundation/Http/Kernel.php(111): Illuminate\Foundation\Http\Kernel-&gt;sendRequestThroughRouter()
#36 /projects/challenge/vendor/laravel/framework/src/Illuminate/Foundation/Testing/Concerns/MakesHttpRequests.php(510): Illuminate\Foundation\Http\Kernel-&gt;handle()
#37 /projects/challenge/vendor/laravel/framework/src/Illuminate/Foundation/Testing/Concerns/MakesHttpRequests.php(476): Illuminate\Foundation\Testing\TestCase-&gt;call()
#38 /projects/challenge/vendor/laravel/framework/src/Illuminate/Foundation/Testing/Concerns/MakesHttpRequests.php(422): Illuminate\Foundation\Testing\TestCase-&gt;json()
#39 /projects/challenge/tests/Unit/ArticleTest.php(142): Illuminate\Foundation\Testing\TestCase-&gt;deleteJson()
#40 /projects/challenge/vendor/phpunit/phpunit/src/Framework/TestCase.php(1545): Tests\Unit\ArticleTest-&gt;test_article_delete_not_found()
#41 /projects/challenge/vendor/phpunit/phpunit/src/Framework/TestCase.php(1151): PHPUnit\Framework\TestCase-&gt;runTest()
#42 /projects/challenge/vendor/phpunit/phpunit/src/Framework/TestResult.php(726): PHPUnit\Framework\TestCase-&gt;runBare()
#43 /projects/challenge/vendor/phpunit/phpunit/src/Framework/TestCase.php(903): PHPUnit\Framework\TestResult-&gt;run()
#44 /projects/challenge/vendor/phpunit/phpunit/src/Framework/TestSuite.php(678): PHPUnit\Framework\TestCase-&gt;run()
#45 /projects/challenge/vendor/phpunit/phpunit/src/Framework/TestSuite.php(678): PHPUnit\Framework\TestSuite-&gt;run()
#46 /projects/challenge/vendor/phpunit/phpunit/src/TextUI/TestRunner.php(670): PHPUnit\Framework\TestSuite-&gt;run()
#47 /projects/challenge/vendor/phpunit/phpunit/src/TextUI/Command.php(143): PHPUnit\TextUI\TestRunner-&gt;run()
#48 /projects/challenge/vendor/phpunit/phpunit/src/TextUI/Command.php(96): PHPUnit\TextUI\Command-&gt;run()
#49 /projects/challenge/vendor/phpunit/phpunit/phpunit(98): PHPUnit\TextUI\Command::main()
#50 {main}
Failed asserting that 404 is identical to 500.

/projects/challenge/vendor/laravel/framework/src/Illuminate/Testing/TestResponse.php:177
/projects/challenge/tests/Unit/ArticleTest.php:143</failure>
      </testcase>
      <testcase name="test_article_delete" class="Tests\Unit\ArticleTest" classname="Tests.Unit.ArticleTest" file="/projects/challenge/tests/Unit/ArticleTest.php" line="148" assertions="0" time="0.020906">
        <error type="ErrorException">Tests\Unit\ArticleTest::test_article_delete
ErrorException: Trying to get property 'id' of non-object

/projects/challenge/tests/Unit/ArticleTest.php:152</error>
      </testcase>
    </testsuite>
  </testsuite>
</testsuites>
